Archive member included to satisfy reference by file (symbol)

/home/alex/Ac6/SystemWorkbench/plugins/fr.ac6.mcu.externaltools.arm-none.linux64_1.17.0.201812190825/tools/compiler/bin/../lib/gcc/arm-none-eabi/7.3.1/thumb/v7e-m/fpv5/hard/libgcc.a(_aeabi_uldivmod.o)
                              Drivers/STM32F7xx_HAL_Driver/Src/stm32f7xx_hal_rcc.o (__aeabi_uldivmod)
/home/alex/Ac6/SystemWorkbench/plugins/fr.ac6.mcu.externaltools.arm-none.linux64_1.17.0.201812190825/tools/compiler/bin/../lib/gcc/arm-none-eabi/7.3.1/thumb/v7e-m/fpv5/hard/libgcc.a(_udivmoddi4.o)
                              /home/alex/Ac6/SystemWorkbench/plugins/fr.ac6.mcu.externaltools.arm-none.linux64_1.17.0.201812190825/tools/compiler/bin/../lib/gcc/arm-none-eabi/7.3.1/thumb/v7e-m/fpv5/hard/libgcc.a(_aeabi_uldivmod.o) (__udivmoddi4)
/home/alex/Ac6/SystemWorkbench/plugins/fr.ac6.mcu.externaltools.arm-none.linux64_1.17.0.201812190825/tools/compiler/bin/../lib/gcc/arm-none-eabi/7.3.1/thumb/v7e-m/fpv5/hard/libgcc.a(_dvmd_tls.o)
                              /home/alex/Ac6/SystemWorkbench/plugins/fr.ac6.mcu.externaltools.arm-none.linux64_1.17.0.201812190825/tools/compiler/bin/../lib/gcc/arm-none-eabi/7.3.1/thumb/v7e-m/fpv5/hard/libgcc.a(_aeabi_uldivmod.o) (__aeabi_ldiv0)
/home/alex/Ac6/SystemWorkbench/plugins/fr.ac6.mcu.externaltools.arm-none.linux64_1.17.0.201812190825/tools/compiler/bin/../lib/gcc/arm-none-eabi/7.3.1/../../../../arm-none-eabi/lib/thumb/v7e-m/fpv5/hard/libc_nano.a(lib_a-errno.o)
                              Src/syscalls.o (__errno)
/home/alex/Ac6/SystemWorkbench/plugins/fr.ac6.mcu.externaltools.arm-none.linux64_1.17.0.201812190825/tools/compiler/bin/../lib/gcc/arm-none-eabi/7.3.1/../../../../arm-none-eabi/lib/thumb/v7e-m/fpv5/hard/libc_nano.a(lib_a-exit.o)
                              /home/alex/Ac6/SystemWorkbench/plugins/fr.ac6.mcu.externaltools.arm-none.linux64_1.17.0.201812190825/tools/compiler/bin/../lib/gcc/arm-none-eabi/7.3.1/../../../../arm-none-eabi/lib/thumb/v7e-m/fpv5/hard/crt0.o (exit)
/home/alex/Ac6/SystemWorkbench/plugins/fr.ac6.mcu.externaltools.arm-none.linux64_1.17.0.201812190825/tools/compiler/bin/../lib/gcc/arm-none-eabi/7.3.1/../../../../arm-none-eabi/lib/thumb/v7e-m/fpv5/hard/libc_nano.a(lib_a-impure.o)
                              /home/alex/Ac6/SystemWorkbench/plugins/fr.ac6.mcu.externaltools.arm-none.linux64_1.17.0.201812190825/tools/compiler/bin/../lib/gcc/arm-none-eabi/7.3.1/../../../../arm-none-eabi/lib/thumb/v7e-m/fpv5/hard/libc_nano.a(lib_a-exit.o) (_global_impure_ptr)
/home/alex/Ac6/SystemWorkbench/plugins/fr.ac6.mcu.externaltools.arm-none.linux64_1.17.0.201812190825/tools/compiler/bin/../lib/gcc/arm-none-eabi/7.3.1/../../../../arm-none-eabi/lib/thumb/v7e-m/fpv5/hard/libc_nano.a(lib_a-init.o)
                              /home/alex/Ac6/SystemWorkbench/plugins/fr.ac6.mcu.externaltools.arm-none.linux64_1.17.0.201812190825/tools/compiler/bin/../lib/gcc/arm-none-eabi/7.3.1/../../../../arm-none-eabi/lib/thumb/v7e-m/fpv5/hard/crt0.o (__libc_init_array)
/home/alex/Ac6/SystemWorkbench/plugins/fr.ac6.mcu.externaltools.arm-none.linux64_1.17.0.201812190825/tools/compiler/bin/../lib/gcc/arm-none-eabi/7.3.1/../../../../arm-none-eabi/lib/thumb/v7e-m/fpv5/hard/libc_nano.a(lib_a-malloc.o)
                              Src/main.o (malloc)
/home/alex/Ac6/SystemWorkbench/plugins/fr.ac6.mcu.externaltools.arm-none.linux64_1.17.0.201812190825/tools/compiler/bin/../lib/gcc/arm-none-eabi/7.3.1/../../../../arm-none-eabi/lib/thumb/v7e-m/fpv5/hard/libc_nano.a(lib_a-memset.o)
                              /home/alex/Ac6/SystemWorkbench/plugins/fr.ac6.mcu.externaltools.arm-none.linux64_1.17.0.201812190825/tools/compiler/bin/../lib/gcc/arm-none-eabi/7.3.1/../../../../arm-none-eabi/lib/thumb/v7e-m/fpv5/hard/crt0.o (memset)
/home/alex/Ac6/SystemWorkbench/plugins/fr.ac6.mcu.externaltools.arm-none.linux64_1.17.0.201812190825/tools/compiler/bin/../lib/gcc/arm-none-eabi/7.3.1/../../../../arm-none-eabi/lib/thumb/v7e-m/fpv5/hard/libc_nano.a(lib_a-nano-freer.o)
                              /home/alex/Ac6/SystemWorkbench/plugins/fr.ac6.mcu.externaltools.arm-none.linux64_1.17.0.201812190825/tools/compiler/bin/../lib/gcc/arm-none-eabi/7.3.1/../../../../arm-none-eabi/lib/thumb/v7e-m/fpv5/hard/libc_nano.a(lib_a-malloc.o) (_free_r)
/home/alex/Ac6/SystemWorkbench/plugins/fr.ac6.mcu.externaltools.arm-none.linux64_1.17.0.201812190825/tools/compiler/bin/../lib/gcc/arm-none-eabi/7.3.1/../../../../arm-none-eabi/lib/thumb/v7e-m/fpv5/hard/libc_nano.a(lib_a-nano-mallocr.o)
                              /home/alex/Ac6/SystemWorkbench/plugins/fr.ac6.mcu.externaltools.arm-none.linux64_1.17.0.201812190825/tools/compiler/bin/../lib/gcc/arm-none-eabi/7.3.1/../../../../arm-none-eabi/lib/thumb/v7e-m/fpv5/hard/libc_nano.a(lib_a-malloc.o) (_malloc_r)
[...]
Memory Configuration

Name             Origin             Length             Attributes
RAM              0x0000000020000000 0x0000000000080000 xrw
FLASH            0x0000000008000000 0x0000000000200000 xr
*default*        0x0000000000000000 0xffffffffffffffff

Linker script and memory map

LOAD /home/alex/Ac6/SystemWorkbench/plugins/fr.ac6.mcu.externaltools.arm-none.linux64_1.17.0.201812190825/tools/compiler/bin/../lib/gcc/arm-none-eabi/7.3.1/thumb/v7e-m/fpv5/hard/crti.o
LOAD /home/alex/Ac6/SystemWorkbench/plugins/fr.ac6.mcu.externaltools.arm-none.linux64_1.17.0.201812190825/tools/compiler/bin/../lib/gcc/arm-none-eabi/7.3.1/thumb/v7e-m/fpv5/hard/crtbegin.o
LOAD /home/alex/Ac6/SystemWorkbench/plugins/fr.ac6.mcu.externaltools.arm-none.linux64_1.17.0.201812190825/tools/compiler/bin/../lib/gcc/arm-none-eabi/7.3.1/../../../../arm-none-eabi/lib/thumb/v7e-m/fpv5/hard/crt0.o
LOAD Drivers/STM32F7xx_HAL_Driver/Src/stm32f7xx_hal.o
LOAD Drivers/STM32F7xx_HAL_Driver/Src/stm32f7xx_hal_cortex.o
LOAD Drivers/STM32F7xx_HAL_Driver/Src/stm32f7xx_hal_dma.o
LOAD Drivers/STM32F7xx_HAL_Driver/Src/stm32f7xx_hal_dma_ex.o
LOAD Drivers/STM32F7xx_HAL_Driver/Src/stm32f7xx_hal_exti.o
LOAD Drivers/STM32F7xx_HAL_Driver/Src/stm32f7xx_hal_flash.o
LOAD Drivers/STM32F7xx_HAL_Driver/Src/stm32f7xx_hal_flash_ex.o
LOAD Drivers/STM32F7xx_HAL_Driver/Src/stm32f7xx_hal_gpio.o
LOAD Drivers/STM32F7xx_HAL_Driver/Src/stm32f7xx_hal_i2c.o
LOAD Drivers/STM32F7xx_HAL_Driver/Src/stm32f7xx_hal_i2c_ex.o
LOAD Drivers/STM32F7xx_HAL_Driver/Src/stm32f7xx_hal_pwr.o
LOAD Drivers/STM32F7xx_HAL_Driver/Src/stm32f7xx_hal_pwr_ex.o
LOAD Drivers/STM32F7xx_HAL_Driver/Src/stm32f7xx_hal_rcc.o
LOAD Drivers/STM32F7xx_HAL_Driver/Src/stm32f7xx_hal_rcc_ex.o
LOAD Drivers/STM32F7xx_HAL_Driver/Src/stm32f7xx_hal_tim.o
LOAD Drivers/STM32F7xx_HAL_Driver/Src/stm32f7xx_hal_tim_ex.o
LOAD Drivers/STM32F7xx_HAL_Driver/Src/stm32f7xx_hal_uart.o
LOAD Drivers/STM32F7xx_HAL_Driver/Src/stm32f7xx_hal_uart_ex.o
LOAD Src/main.o
LOAD Src/stm32f7xx_hal_msp.o
LOAD Src/stm32f7xx_it.o
LOAD Src/syscalls.o
LOAD Src/system_stm32f7xx.o
LOAD startup/startup_stm32f767xx.o
LOAD /home/alex/Ac6/SystemWorkbench/plugins/fr.ac6.mcu.externaltools.arm-none.linux64_1.17.0.201812190825/tools/compiler/bin/../lib/gcc/arm-none-eabi/7.3.1/../../../../arm-none-eabi/lib/thumb/v7e-m/fpv5/hard/libm.a
START GROUP
LOAD /home/alex/Ac6/SystemWorkbench/plugins/fr.ac6.mcu.externaltools.arm-none.linux64_1.17.0.201812190825/tools/compiler/bin/../lib/gcc/arm-none-eabi/7.3.1/thumb/v7e-m/fpv5/hard/libgcc.a
LOAD /home/alex/Ac6/SystemWorkbench/plugins/fr.ac6.mcu.externaltools.arm-none.linux64_1.17.0.201812190825/tools/compiler/bin/../lib/gcc/arm-none-eabi/7.3.1/../../../../arm-none-eabi/lib/thumb/v7e-m/fpv5/hard/libc_nano.a
END GROUP
START GROUP
LOAD /home/alex/Ac6/SystemWorkbench/plugins/fr.ac6.mcu.externaltools.arm-none.linux64_1.17.0.201812190825/tools/compiler/bin/../lib/gcc/arm-none-eabi/7.3.1/thumb/v7e-m/fpv5/hard/libgcc.a
LOAD /home/alex/Ac6/SystemWorkbench/plugins/fr.ac6.mcu.externaltools.arm-none.linux64_1.17.0.201812190825/tools/compiler/bin/../lib/gcc/arm-none-eabi/7.3.1/../../../../arm-none-eabi/lib/thumb/v7e-m/fpv5/hard/libc_nano.a
LOAD /home/alex/Ac6/SystemWorkbench/plugins/fr.ac6.mcu.externaltools.arm-none.linux64_1.17.0.201812190825/tools/compiler/bin/../lib/gcc/arm-none-eabi/7.3.1/../../../../arm-none-eabi/lib/thumb/v7e-m/fpv5/hard/libnosys.a
END GROUP
START GROUP
LOAD /home/alex/Ac6/SystemWorkbench/plugins/fr.ac6.mcu.externaltools.arm-none.linux64_1.17.0.201812190825/tools/compiler/bin/../lib/gcc/arm-none-eabi/7.3.1/thumb/v7e-m/fpv5/hard/libgcc.a
LOAD /home/alex/Ac6/SystemWorkbench/plugins/fr.ac6.mcu.externaltools.arm-none.linux64_1.17.0.201812190825/tools/compiler/bin/../lib/gcc/arm-none-eabi/7.3.1/../../../../arm-none-eabi/lib/thumb/v7e-m/fpv5/hard/libc_nano.a
LOAD /home/alex/Ac6/SystemWorkbench/plugins/fr.ac6.mcu.externaltools.arm-none.linux64_1.17.0.201812190825/tools/compiler/bin/../lib/gcc/arm-none-eabi/7.3.1/../../../../arm-none-eabi/lib/thumb/v7e-m/fpv5/hard/libnosys.a
END GROUP
LOAD /home/alex/Ac6/SystemWorkbench/plugins/fr.ac6.mcu.externaltools.arm-none.linux64_1.17.0.201812190825/tools/compiler/bin/../lib/gcc/arm-none-eabi/7.3.1/thumb/v7e-m/fpv5/hard/crtend.o
LOAD /home/alex/Ac6/SystemWorkbench/plugins/fr.ac6.mcu.externaltools.arm-none.linux64_1.17.0.201812190825/tools/compiler/bin/../lib/gcc/arm-none-eabi/7.3.1/thumb/v7e-m/fpv5/hard/crtn.o
                0x0000000020080000                _estack = 0x20080000
                0x0000000000000200                _Min_Heap_Size = 0x200
                0x0000000000000400                _Min_Stack_Size = 0x400

.isr_vector     0x0000000008000000      0x1f8
                0x0000000008000000                . = ALIGN (0x4)
 *(.isr_vector)
 .isr_vector    0x0000000008000000      0x1f8 startup/startup_stm32f767xx.o
                0x0000000008000000                g_pfnVectors
                0x00000000080001f8                . = ALIGN (0x4)

.text           0x0000000008000200     0x3548
                0x0000000008000200                . = ALIGN (0x4)
 *(.text)
 .text          0x0000000008000200       0x40 /home/alex/Ac6/SystemWorkbench/plugins/fr.ac6.mcu.externaltools.arm-none.linux64_1.17.0.201812190825/tools/compiler/bin/../lib/gcc/arm-none-eabi/7.3.1/thumb/v7e-m/fpv5/hard/crtbegin.o
 .text          0x0000000008000240       0x30 /home/alex/Ac6/SystemWorkbench/plugins/fr.ac6.mcu.externaltools.arm-none.linux64_1.17.0.201812190825/tools/compiler/bin/../lib/gcc/arm-none-eabi/7.3.1/thumb/v7e-m/fpv5/hard/libgcc.a(_aeabi_uldivmod.o)
                0x0000000008000240                __aeabi_uldivmod
 .text          0x0000000008000270      0x2cc /home/alex/Ac6/SystemWorkbench/plugins/fr.ac6.mcu.externaltools.arm-none.linux64_1.17.0.201812190825/tools/compiler/bin/../lib/gcc/arm-none-eabi/7.3.1/thumb/v7e-m/fpv5/hard/libgcc.a(_udivmoddi4.o)
                0x0000000008000270                __udivmoddi4
 .text          0x000000000800053c        0x4 /home/alex/Ac6/SystemWorkbench/plugins/fr.ac6.mcu.externaltools.arm-none.linux64_1.17.0.201812190825/tools/compiler/bin/../lib/gcc/arm-none-eabi/7.3.1/thumb/v7e-m/fpv5/hard/libgcc.a(_dvmd_tls.o)
                0x000000000800053c                __aeabi_ldiv0
                0x000000000800053c                __aeabi_idiv0
 .text          0x0000000008000540       0xa0 /home/alex/Ac6/SystemWorkbench/plugins/fr.ac6.mcu.externaltools.arm-none.linux64_1.17.0.201812190825/tools/compiler/bin/../lib/gcc/arm-none-eabi/7.3.1/../../../../arm-none-eabi/lib/thumb/v7e-m/fpv5/hard/libc_nano.a(lib_a-memchr.o)
                0x0000000008000540                memchr
 *(.text*)
 .text.HAL_InitTick
                0x00000000080005e0       0x48 Drivers/STM32F7xx_HAL_Driver/Src/stm32f7xx_hal.o
                0x00000000080005e0                HAL_InitTick
 .text.HAL_Init
                0x0000000008000628       0x16 Drivers/STM32F7xx_HAL_Driver/Src/stm32f7xx_hal.o
                0x0000000008000628                HAL_Init
 *fill*         0x000000000800063e        0x2 
 .text.HAL_IncTick
                0x0000000008000640       0x18 Drivers/STM32F7xx_HAL_Driver/Src/stm32f7xx_hal.o
                0x0000000008000640                HAL_IncTick
 .text.HAL_GetTick
                0x0000000008000658        0xc Drivers/STM32F7xx_HAL_Driver/Src/stm32f7xx_hal.o
                0x0000000008000658                HAL_GetTick
 .text.HAL_NVIC_SetPriorityGrouping
                0x0000000008000664       0x24 Drivers/STM32F7xx_HAL_Driver/Src/stm32f7xx_hal_cortex.o
                0x0000000008000664                HAL_NVIC_SetPriorityGrouping
 .text.HAL_NVIC_SetPriority
                0x0000000008000688       0x64 Drivers/STM32F7xx_HAL_Driver/Src/stm32f7xx_hal_cortex.o
                0x0000000008000688                HAL_NVIC_SetPriority
 .text.HAL_NVIC_EnableIRQ
                0x00000000080006ec       0x1c Drivers/STM32F7xx_HAL_Driver/Src/stm32f7xx_hal_cortex.o
                0x00000000080006ec                HAL_NVIC_EnableIRQ
 .text.HAL_SYSTICK_Config
                0x0000000008000708       0x2c Drivers/STM32F7xx_HAL_Driver/Src/stm32f7xx_hal_cortex.o
                0x0000000008000708                HAL_SYSTICK_Config
 .text.HAL_GPIO_Init
                0x0000000008000734      0x1e0 Drivers/STM32F7xx_HAL_Driver/Src/stm32f7xx_hal_gpio.o
                0x0000000008000734                HAL_GPIO_Init
 .text.HAL_GPIO_WritePin
                0x0000000008000914        0xc Drivers/STM32F7xx_HAL_Driver/Src/stm32f7xx_hal_gpio.o
                0x0000000008000914                HAL_GPIO_WritePin
 .text.HAL_PWR_EnableBkUpAccess
                0x0000000008000920       0x10 Drivers/STM32F7xx_HAL_Driver/Src/stm32f7xx_hal_pwr.o
                0x0000000008000920                HAL_PWR_EnableBkUpAccess
 .text.HAL_RCC_OscConfig
                0x0000000008000930      0x3d4 Drivers/STM32F7xx_HAL_Driver/Src/stm32f7xx_hal_rcc.o
                0x0000000008000930                HAL_RCC_OscConfig
 .text.HAL_RCC_GetSysClockFreq
                0x0000000008000d04       0xd8 Drivers/STM32F7xx_HAL_Driver/Src/stm32f7xx_hal_rcc.o
                0x0000000008000d04                HAL_RCC_GetSysClockFreq
 .text.HAL_RCC_ClockConfig
                0x0000000008000ddc      0x164 Drivers/STM32F7xx_HAL_Driver/Src/stm32f7xx_hal_rcc.o
                0x0000000008000ddc                HAL_RCC_ClockConfig
 .text.HAL_RCC_GetHCLKFreq
                0x0000000008000f40        0xc Drivers/STM32F7xx_HAL_Driver/Src/stm32f7xx_hal_rcc.o
                0x0000000008000f40                HAL_RCC_GetHCLKFreq
 .text.HAL_RCC_GetPCLK1Freq
                0x0000000008000f4c       0x20 Drivers/STM32F7xx_HAL_Driver/Src/stm32f7xx_hal_rcc.o
                0x0000000008000f4c                HAL_RCC_GetPCLK1Freq
 .text.HAL_RCC_GetPCLK2Freq
                0x0000000008000f6c       0x20 Drivers/STM32F7xx_HAL_Driver/Src/stm32f7xx_hal_rcc.o
                0x0000000008000f6c                HAL_RCC_GetPCLK2Freq
 .text.HAL_RCCEx_PeriphCLKConfig
                0x0000000008000f8c      0x604 Drivers/STM32F7xx_HAL_Driver/Src/stm32f7xx_hal_rcc_ex.o
                0x0000000008000f8c                HAL_RCCEx_PeriphCLKConfig
 .text.TIM_TI1_ConfigInputStage
                0x0000000008001590       0x26 Drivers/STM32F7xx_HAL_Driver/Src/stm32f7xx_hal_tim.o
 .text.TIM_TI2_ConfigInputStage
                0x00000000080015b6       0x28 Drivers/STM32F7xx_HAL_Driver/Src/stm32f7xx_hal_tim.o
 .text.TIM_ITRx_SetConfig
                0x00000000080015de       0x10 Drivers/STM32F7xx_HAL_Driver/Src/stm32f7xx_hal_tim.o
 *fill*         0x00000000080015ee        0x2 
 .text.HAL_TIM_Base_Start_IT
                0x00000000080015f0       0x2c Drivers/STM32F7xx_HAL_Driver/Src/stm32f7xx_hal_tim.o
                0x00000000080015f0                HAL_TIM_Base_Start_IT
 .text.HAL_TIM_OC_DelayElapsedCallback
                0x000000000800161c        0x2 Drivers/STM32F7xx_HAL_Driver/Src/stm32f7xx_hal_tim.o
                0x000000000800161c                HAL_TIM_OC_DelayElapsedCallback
 .text.HAL_TIM_IC_CaptureCallback
                0x000000000800161e        0x2 Drivers/STM32F7xx_HAL_Driver/Src/stm32f7xx_hal_tim.o
                0x000000000800161e                HAL_TIM_IC_CaptureCallback
 .text.HAL_TIM_PWM_PulseFinishedCallback
                0x0000000008001620        0x2 Drivers/STM32F7xx_HAL_Driver/Src/stm32f7xx_hal_tim.o
                0x0000000008001620                HAL_TIM_PWM_PulseFinishedCallback
 .text.HAL_TIM_TriggerCallback
                0x0000000008001622        0x2 Drivers/STM32F7xx_HAL_Driver/Src/stm32f7xx_hal_tim.o
                0x0000000008001622                HAL_TIM_TriggerCallback
 .text.HAL_TIM_IRQHandler
                0x0000000008001624      0x19a Drivers/STM32F7xx_HAL_Driver/Src/stm32f7xx_hal_tim.o
                0x0000000008001624                HAL_TIM_IRQHandler
 *fill*         0x00000000080017be        0x2 
 .text.TIM_Base_SetConfig
                0x00000000080017c0      0x10c Drivers/STM32F7xx_HAL_Driver/Src/stm32f7xx_hal_tim.o
                0x00000000080017c0                TIM_Base_SetConfig
 .text.HAL_TIM_Base_Init
                0x00000000080018cc       0x32 Drivers/STM32F7xx_HAL_Driver/Src/stm32f7xx_hal_tim.o
                0x00000000080018cc                HAL_TIM_Base_Init
 .text.TIM_ETR_SetConfig
                0x00000000080018fe       0x18 Drivers/STM32F7xx_HAL_Driver/Src/stm32f7xx_hal_tim.o
                0x00000000080018fe                TIM_ETR_SetConfig
 *fill*         0x0000000008001916        0x2 
 .text.HAL_TIM_ConfigClockSource
                0x0000000008001918       0xdc Drivers/STM32F7xx_HAL_Driver/Src/stm32f7xx_hal_tim.o
                0x0000000008001918                HAL_TIM_ConfigClockSource
 .text.HAL_TIMEx_MasterConfigSynchronization
                0x00000000080019f4       0x64 Drivers/STM32F7xx_HAL_Driver/Src/stm32f7xx_hal_tim_ex.o
                0x00000000080019f4                HAL_TIMEx_MasterConfigSynchronization
 .text.HAL_TIMEx_CommutCallback
                0x0000000008001a58        0x2 Drivers/STM32F7xx_HAL_Driver/Src/stm32f7xx_hal_tim_ex.o
                0x0000000008001a58                HAL_TIMEx_CommutCallback
 .text.HAL_TIMEx_BreakCallback
                0x0000000008001a5a        0x2 Drivers/STM32F7xx_HAL_Driver/Src/stm32f7xx_hal_tim_ex.o
                0x0000000008001a5a                HAL_TIMEx_BreakCallback
 .text.HAL_TIMEx_Break2Callback
                0x0000000008001a5c        0x2 Drivers/STM32F7xx_HAL_Driver/Src/stm32f7xx_hal_tim_ex.o
                0x0000000008001a5c                HAL_TIMEx_Break2Callback
 *fill*         0x0000000008001a5e        0x2 
 .text.UART_SetConfig
                0x0000000008001a60      0x370 Drivers/STM32F7xx_HAL_Driver/Src/stm32f7xx_hal_uart.o
                0x0000000008001a60                UART_SetConfig
 .text.UART_AdvFeatureConfig
                0x0000000008001dd0       0xca Drivers/STM32F7xx_HAL_Driver/Src/stm32f7xx_hal_uart.o
                0x0000000008001dd0                UART_AdvFeatureConfig
 .text.UART_WaitOnFlagUntilTimeout
                0x0000000008001e9a       0x60 Drivers/STM32F7xx_HAL_Driver/Src/stm32f7xx_hal_uart.o
                0x0000000008001e9a                UART_WaitOnFlagUntilTimeout
 .text.HAL_UART_Transmit
                0x0000000008001efa       0xdc Drivers/STM32F7xx_HAL_Driver/Src/stm32f7xx_hal_uart.o
                0x0000000008001efa                HAL_UART_Transmit
 .text.HAL_UART_Receive
                0x0000000008001fd6      0x120 Drivers/STM32F7xx_HAL_Driver/Src/stm32f7xx_hal_uart.o
                0x0000000008001fd6                HAL_UART_Receive
 .text.UART_CheckIdleState
                0x00000000080020f6       0x44 Drivers/STM32F7xx_HAL_Driver/Src/stm32f7xx_hal_uart.o
                0x00000000080020f6                UART_CheckIdleState
 .text.HAL_UART_Init
                0x000000000800213a       0x62 Drivers/STM32F7xx_HAL_Driver/Src/stm32f7xx_hal_uart.o
                0x000000000800213a                HAL_UART_Init
 .text.TaskFunction
                0x000000000800219c       0x14 Src/main.o
                0x000000000800219c                TaskFunction
 .text.MX_GPIO_Init
                0x00000000080021b0      0x1a0 Src/main.o
 .text.MX_TIM4_Init
                0x0000000008002350       0x58 Src/main.o
 .text.MX_USART3_UART_Init
                0x00000000080023a8       0x30 Src/main.o
 .text.printList
                0x00000000080023d8       0x34 Src/main.o
                0x00000000080023d8                printList
 .text.insertFirst
                0x000000000800240c       0x2c Src/main.o
                0x000000000800240c                insertFirst
 .text.insertFirstNodeRunning
                0x0000000008002438       0x10 Src/main.o
                0x0000000008002438                insertFirstNodeRunning
 .text.insertFirstNodeReady
                0x0000000008002448       0x10 Src/main.o
                0x0000000008002448                insertFirstNodeReady
 .text.deleteFirst
                0x0000000008002458       0x10 Src/main.o
                0x0000000008002458                deleteFirst
 .text.deleteFirstRunning
                0x0000000008002468       0x10 Src/main.o
                0x0000000008002468                deleteFirstRunning
 .text.ReadyIsEmpty
                0x0000000008002478       0x10 Src/main.o
                0x0000000008002478                ReadyIsEmpty
 .text.RunningIsEmpty
                0x0000000008002488       0x10 Src/main.o
                0x0000000008002488                RunningIsEmpty
 .text.length   0x0000000008002498       0x18 Src/main.o
                0x0000000008002498                length
 .text.sort     0x00000000080024b0       0x5c Src/main.o
                0x00000000080024b0                sort
 .text.TaskCreate
                0x000000000800250c       0x14 Src/main.o
                0x000000000800250c                TaskCreate
 .text.HAL_TIM_PeriodElapsedCallback
                0x0000000008002520       0x34 Src/main.o
                0x0000000008002520                HAL_TIM_PeriodElapsedCallback
 .text.SystemClock_Config
                0x0000000008002554       0x9c Src/main.o
                0x0000000008002554                SystemClock_Config
 .text.main     0x00000000080025f0       0xac Src/main.o
                0x00000000080025f0                main
 .text._write   0x000000000800269c       0x18 Src/main.o
                0x000000000800269c                _write
 .text._read    0x00000000080026b4       0x44 Src/main.o
                0x00000000080026b4                _read
 .text.HAL_MspInit
                0x00000000080026f8       0x30 Src/stm32f7xx_hal_msp.o
                0x00000000080026f8                HAL_MspInit
 .text.HAL_TIM_Base_MspInit
                0x0000000008002728       0x40 Src/stm32f7xx_hal_msp.o
                0x0000000008002728                HAL_TIM_Base_MspInit
 .text.HAL_UART_MspInit
                0x0000000008002768       0x6c Src/stm32f7xx_hal_msp.o
                0x0000000008002768                HAL_UART_MspInit
 .text.NMI_Handler
                0x00000000080027d4        0x2 Src/stm32f7xx_it.o
                0x00000000080027d4                NMI_Handler
 .text.HardFault_Handler
                0x00000000080027d6        0x2 Src/stm32f7xx_it.o
                0x00000000080027d6                HardFault_Handler
 .text.MemManage_Handler
                0x00000000080027d8        0x2 Src/stm32f7xx_it.o
                0x00000000080027d8                MemManage_Handler
 .text.BusFault_Handler
                0x00000000080027da        0x2 Src/stm32f7xx_it.o
                0x00000000080027da                BusFault_Handler
 .text.UsageFault_Handler
                0x00000000080027dc        0x2 Src/stm32f7xx_it.o
                0x00000000080027dc                UsageFault_Handler
 .text.SVC_Handler
                0x00000000080027de        0x2 Src/stm32f7xx_it.o
                0x00000000080027de                SVC_Handler
 .text.DebugMon_Handler
                0x00000000080027e0        0x2 Src/stm32f7xx_it.o
                0x00000000080027e0                DebugMon_Handler
 .text.PendSV_Handler
                0x00000000080027e2        0x2 Src/stm32f7xx_it.o
                0x00000000080027e2                PendSV_Handler
 .text.SysTick_Handler
                0x00000000080027e4        0x8 Src/stm32f7xx_it.o
                0x00000000080027e4                SysTick_Handler
 .text.TIM4_IRQHandler
                0x00000000080027ec       0x10 Src/stm32f7xx_it.o
                0x00000000080027ec                TIM4_IRQHandler
 .text._sbrk    0x00000000080027fc       0x3c Src/syscalls.o
                0x00000000080027fc                _sbrk
 .text._close   0x0000000008002838        0x6 Src/syscalls.o
                0x0000000008002838                _close
 .text._fstat   0x000000000800283e        0xa Src/syscalls.o
                0x000000000800283e                _fstat
 .text._isatty  0x0000000008002848        0x4 Src/syscalls.o
                0x0000000008002848                _isatty
 .text._lseek   0x000000000800284c        0x4 Src/syscalls.o
                0x000000000800284c                _lseek
 .text.SystemInit
                0x0000000008002850       0x50 Src/system_stm32f7xx.o
                0x0000000008002850                SystemInit
 .text.Reset_Handler
                0x00000000080028a0       0x50 startup/startup_stm32f767xx.o
                0x00000000080028a0                Reset_Handler
 .text.Default_Handler
                0x00000000080028f0        0x2 startup/startup_stm32f767xx.o
                0x00000000080028f0                RTC_Alarm_IRQHandler
                0x00000000080028f0                EXTI2_IRQHandler
                0x00000000080028f0                TIM8_CC_IRQHandler
                0x00000000080028f0                UART8_IRQHandler
                0x00000000080028f0                SPI4_IRQHandler
                0x00000000080028f0                TIM1_CC_IRQHandler
                0x00000000080028f0                DMA2_Stream5_IRQHandler
                0x00000000080028f0                JPEG_IRQHandler
                0x00000000080028f0                DMA1_Stream5_IRQHandler
                0x00000000080028f0                CAN3_RX1_IRQHandler
                0x00000000080028f0                PVD_IRQHandler
                0x00000000080028f0                TAMP_STAMP_IRQHandler
                0x00000000080028f0                CAN2_RX1_IRQHandler
                0x00000000080028f0                EXTI3_IRQHandler
                0x00000000080028f0                TIM8_TRG_COM_TIM14_IRQHandler
                0x00000000080028f0                DFSDM1_FLT1_IRQHandler
                0x00000000080028f0                TIM1_UP_TIM10_IRQHandler
                0x00000000080028f0                TIM8_UP_TIM13_IRQHandler
                0x00000000080028f0                I2C3_ER_IRQHandler
                0x00000000080028f0                DFSDM1_FLT2_IRQHandler
                0x00000000080028f0                EXTI0_IRQHandler
                0x00000000080028f0                I2C2_EV_IRQHandler
                0x00000000080028f0                DMA1_Stream2_IRQHandler
                0x00000000080028f0                CAN1_RX0_IRQHandler
                0x00000000080028f0                FPU_IRQHandler
                0x00000000080028f0                OTG_HS_WKUP_IRQHandler
                0x00000000080028f0                CAN3_SCE_IRQHandler
                0x00000000080028f0                LTDC_ER_IRQHandler
                0x00000000080028f0                CAN2_SCE_IRQHandler
                0x00000000080028f0                DMA2_Stream2_IRQHandler
                0x00000000080028f0                SPI1_IRQHandler
                0x00000000080028f0                TIM6_DAC_IRQHandler
                0x00000000080028f0                TIM1_BRK_TIM9_IRQHandler
                0x00000000080028f0                DCMI_IRQHandler
                0x00000000080028f0                CAN2_RX0_IRQHandler
                0x00000000080028f0                DMA2_Stream3_IRQHandler
                0x00000000080028f0                SAI2_IRQHandler
                0x00000000080028f0                DFSDM1_FLT3_IRQHandler
                0x00000000080028f0                USART6_IRQHandler
                0x00000000080028f0                CAN3_RX0_IRQHandler
                0x00000000080028f0                USART3_IRQHandler
                0x00000000080028f0                CAN1_RX1_IRQHandler
                0x00000000080028f0                UART5_IRQHandler
                0x00000000080028f0                DMA2_Stream0_IRQHandler
                0x00000000080028f0                QUADSPI_IRQHandler
                0x00000000080028f0                I2C1_EV_IRQHandler
                0x00000000080028f0                DMA1_Stream6_IRQHandler
                0x00000000080028f0                DMA1_Stream1_IRQHandler
                0x00000000080028f0                UART4_IRQHandler
                0x00000000080028f0                TIM3_IRQHandler
                0x00000000080028f0                RCC_IRQHandler
                0x00000000080028f0                TIM8_BRK_TIM12_IRQHandler
                0x00000000080028f0                Default_Handler
                0x00000000080028f0                CEC_IRQHandler
                0x00000000080028f0                EXTI15_10_IRQHandler
                0x00000000080028f0                ADC_IRQHandler
                0x00000000080028f0                DMA1_Stream7_IRQHandler
                0x00000000080028f0                SPI5_IRQHandler
                0x00000000080028f0                TIM7_IRQHandler
                0x00000000080028f0                SDMMC1_IRQHandler
                0x00000000080028f0                CAN2_TX_IRQHandler
                0x00000000080028f0                TIM5_IRQHandler
                0x00000000080028f0                DMA2_Stream7_IRQHandler
                0x00000000080028f0                I2C3_EV_IRQHandler
                0x00000000080028f0                EXTI9_5_IRQHandler
                0x00000000080028f0                RTC_WKUP_IRQHandler
                0x00000000080028f0                LTDC_IRQHandler
                0x00000000080028f0                ETH_WKUP_IRQHandler
                0x00000000080028f0                SPDIF_RX_IRQHandler
                0x00000000080028f0                SPI2_IRQHandler
                0x00000000080028f0                OTG_HS_EP1_IN_IRQHandler
                0x00000000080028f0                DMA1_Stream0_IRQHandler
                0x00000000080028f0                CAN1_TX_IRQHandler
                0x00000000080028f0                EXTI4_IRQHandler
                0x00000000080028f0                RNG_IRQHandler
                0x00000000080028f0                ETH_IRQHandler
                0x00000000080028f0                OTG_HS_EP1_OUT_IRQHandler
                0x00000000080028f0                WWDG_IRQHandler
                0x00000000080028f0                SPI6_IRQHandler
                0x00000000080028f0                MDIOS_IRQHandler
                0x00000000080028f0                I2C4_EV_IRQHandler
                0x00000000080028f0                CAN3_TX_IRQHandler
                0x00000000080028f0                TIM2_IRQHandler
                0x00000000080028f0                OTG_FS_WKUP_IRQHandler
                0x00000000080028f0                TIM1_TRG_COM_TIM11_IRQHandler
                0x00000000080028f0                OTG_HS_IRQHandler
                0x00000000080028f0                DMA2D_IRQHandler
                0x00000000080028f0                EXTI1_IRQHandler
                0x00000000080028f0                SDMMC2_IRQHandler
                0x00000000080028f0                UART7_IRQHandler
                0x00000000080028f0                USART2_IRQHandler
                0x00000000080028f0                DFSDM1_FLT0_IRQHandler
                0x00000000080028f0                I2C2_ER_IRQHandler
                0x00000000080028f0                DMA2_Stream1_IRQHandler
                0x00000000080028f0                CAN1_SCE_IRQHandler
                0x00000000080028f0                FLASH_IRQHandler
                0x00000000080028f0                DMA2_Stream4_IRQHandler
                0x00000000080028f0                USART1_IRQHandler
                0x00000000080028f0                OTG_FS_IRQHandler
                0x00000000080028f0                SPI3_IRQHandler
                0x00000000080028f0                DMA1_Stream4_IRQHandler
                0x00000000080028f0                I2C1_ER_IRQHandler
                0x00000000080028f0                FMC_IRQHandler
                0x00000000080028f0                LPTIM1_IRQHandler
                0x00000000080028f0                I2C4_ER_IRQHandler
                0x00000000080028f0                DMA2_Stream6_IRQHandler
                0x00000000080028f0                SAI1_IRQHandler
                0x00000000080028f0                DMA1_Stream3_IRQHandler
 *fill*         0x00000000080028f2        0x2 
 .text.__errno  0x00000000080028f4        0xc /home/alex/Ac6/SystemWorkbench/plugins/fr.ac6.mcu.externaltools.arm-none.linux64_1.17.0.201812190825/tools/compiler/bin/../lib/gcc/arm-none-eabi/7.3.1/../../../../arm-none-eabi/lib/thumb/v7e-m/fpv5/hard/libc_nano.a(lib_a-errno.o)
                0x00000000080028f4                __errno
 .text.__libc_init_array
                0x0000000008002900       0x48 /home/alex/Ac6/SystemWorkbench/plugins/fr.ac6.mcu.externaltools.arm-none.linux64_1.17.0.201812190825/tools/compiler/bin/../lib/gcc/arm-none-eabi/7.3.1/../../../../arm-none-eabi/lib/thumb/v7e-m/fpv5/hard/libc_nano.a(lib_a-init.o)
                0x0000000008002900                __libc_init_array
 .text.malloc   0x0000000008002948       0x10 /home/alex/Ac6/SystemWorkbench/plugins/fr.ac6.mcu.externaltools.arm-none.linux64_1.17.0.201812190825/tools/compiler/bin/../lib/gcc/arm-none-eabi/7.3.1/../../../../arm-none-eabi/lib/thumb/v7e-m/fpv5/hard/libc_nano.a(lib_a-malloc.o)
                0x0000000008002948                malloc
 .text.memset   0x0000000008002958       0x10 /home/alex/Ac6/SystemWorkbench/plugins/fr.ac6.mcu.externaltools.arm-none.linux64_1.17.0.201812190825/tools/compiler/bin/../lib/gcc/arm-none-eabi/7.3.1/../../../../arm-none-eabi/lib/thumb/v7e-m/fpv5/hard/libc_nano.a(lib_a-memset.o)
                0x0000000008002958                memset
 .text._free_r  0x0000000008002968       0x9c /home/alex/Ac6/SystemWorkbench/plugins/fr.ac6.mcu.externaltools.arm-none.linux64_1.17.0.201812190825/tools/compiler/bin/../lib/gcc/arm-none-eabi/7.3.1/../../../../arm-none-eabi/lib/thumb/v7e-m/fpv5/hard/libc_nano.a(lib_a-nano-freer.o)
                0x0000000008002968                _free_r
 .text._malloc_r
                0x0000000008002a04       0xb4 /home/alex/Ac6/SystemWorkbench/plugins/fr.ac6.mcu.externaltools.arm-none.linux64_1.17.0.201812190825/tools/compiler/bin/../lib/gcc/arm-none-eabi/7.3.1/../../../../arm-none-eabi/lib/thumb/v7e-m/fpv5/hard/libc_nano.a(lib_a-nano-mallocr.o)
                0x0000000008002a04                _malloc_r
 .text.printf   0x0000000008002ab8       0x30 /home/alex/Ac6/SystemWorkbench/plugins/fr.ac6.mcu.externaltools.arm-none.linux64_1.17.0.201812190825/tools/compiler/bin/../lib/gcc/arm-none-eabi/7.3.1/../../../../arm-none-eabi/lib/thumb/v7e-m/fpv5/hard/libc_nano.a(lib_a-printf.o)
                0x0000000008002ab8                printf
                0x0000000008002ab8                iprintf
 .text._sbrk_r  0x0000000008002ae8       0x20 /home/alex/Ac6/SystemWorkbench/plugins/fr.ac6.mcu.externaltools.arm-none.linux64_1.17.0.201812190825/tools/compiler/bin/../lib/gcc/arm-none-eabi/7.3.1/../../../../arm-none-eabi/lib/thumb/v7e-m/fpv5/hard/libc_nano.a(lib_a-sbrkr.o)
                0x0000000008002ae8                _sbrk_r
 .text.std      0x0000000008002b08       0x48 /home/alex/Ac6/SystemWorkbench/plugins/fr.ac6.mcu.externaltools.arm-none.linux64_1.17.0.201812190825/tools/compiler/bin/../lib/gcc/arm-none-eabi/7.3.1/../../../../arm-none-eabi/lib/thumb/v7e-m/fpv5/hard/libc_nano.a(lib_a-findfp.o)
 .text._cleanup_r
                0x0000000008002b50        0xc /home/alex/Ac6/SystemWorkbench/plugins/fr.ac6.mcu.externaltools.arm-none.linux64_1.17.0.201812190825/tools/compiler/bin/../lib/gcc/arm-none-eabi/7.3.1/../../../../arm-none-eabi/lib/thumb/v7e-m/fpv5/hard/libc_nano.a(lib_a-findfp.o)
                0x0000000008002b50                _cleanup_r
 .text.__sfmoreglue
                0x0000000008002b5c       0x2c /home/alex/Ac6/SystemWorkbench/plugins/fr.ac6.mcu.externaltools.arm-none.linux64_1.17.0.201812190825/tools/compiler/bin/../lib/gcc/arm-none-eabi/7.3.1/../../../../arm-none-eabi/lib/thumb/v7e-m/fpv5/hard/libc_nano.a(lib_a-findfp.o)
                0x0000000008002b5c                __sfmoreglue
 .text.__sinit  0x0000000008002b88       0x60 /home/alex/Ac6/SystemWorkbench/plugins/fr.ac6.mcu.externaltools.arm-none.linux64_1.17.0.201812190825/tools/compiler/bin/../lib/gcc/arm-none-eabi/7.3.1/../../../../arm-none-eabi/lib/thumb/v7e-m/fpv5/hard/libc_nano.a(lib_a-findfp.o)
                0x0000000008002b88                __sinit
 .text.__sfp    0x0000000008002be8       0x78 /home/alex/Ac6/SystemWorkbench/plugins/fr.ac6.mcu.externaltools.arm-none.linux64_1.17.0.201812190825/tools/compiler/bin/../lib/gcc/arm-none-eabi/7.3.1/../../../../arm-none-eabi/lib/thumb/v7e-m/fpv5/hard/libc_nano.a(lib_a-findfp.o)
                0x0000000008002be8                __sfp
 .text._fwalk_reent
                0x0000000008002c60       0x3c /home/alex/Ac6/SystemWorkbench/plugins/fr.ac6.mcu.externaltools.arm-none.linux64_1.17.0.201812190825/tools/compiler/bin/../lib/gcc/arm-none-eabi/7.3.1/../../../../arm-none-eabi/lib/thumb/v7e-m/fpv5/hard/libc_nano.a(lib_a-fwalk.o)
                0x0000000008002c60                _fwalk_reent
 .text.__malloc_lock
                0x0000000008002c9c        0x2 /home/alex/Ac6/SystemWorkbench/plugins/fr.ac6.mcu.externaltools.arm-none.linux64_1.17.0.201812190825/tools/compiler/bin/../lib/gcc/arm-none-eabi/7.3.1/../../../../arm-none-eabi/lib/thumb/v7e-m/fpv5/hard/libc_nano.a(lib_a-mlock.o)
                0x0000000008002c9c                __malloc_lock
 .text.__malloc_unlock
                0x0000000008002c9e        0x2 /home/alex/Ac6/SystemWorkbench/plugins/fr.ac6.mcu.externaltools.arm-none.linux64_1.17.0.201812190825/tools/compiler/bin/../lib/gcc/arm-none-eabi/7.3.1/../../../../arm-none-eabi/lib/thumb/v7e-m/fpv5/hard/libc_nano.a(lib_a-mlock.o)
                0x0000000008002c9e                __malloc_unlock
 .text.__sfputc_r
                0x0000000008002ca0       0x2e /home/alex/Ac6/SystemWorkbench/plugins/fr.ac6.mcu.externaltools.arm-none.linux64_1.17.0.201812190825/tools/compiler/bin/../lib/gcc/arm-none-eabi/7.3.1/../../../../arm-none-eabi/lib/thumb/v7e-m/fpv5/hard/libc_nano.a(lib_a-nano-vfprintf.o)
 .text.__sfputs_r
                0x0000000008002cce       0x24 /home/alex/Ac6/SystemWorkbench/plugins/fr.ac6.mcu.externaltools.arm-none.linux64_1.17.0.201812190825/tools/compiler/bin/../lib/gcc/arm-none-eabi/7.3.1/../../../../arm-none-eabi/lib/thumb/v7e-m/fpv5/hard/libc_nano.a(lib_a-nano-vfprintf.o)
                0x0000000008002cce                __sfputs_r
 *fill*         0x0000000008002cf2        0x2 
 .text._vfprintf_r
                0x0000000008002cf4      0x22c /home/alex/Ac6/SystemWorkbench/plugins/fr.ac6.mcu.externaltools.arm-none.linux64_1.17.0.201812190825/tools/compiler/bin/../lib/gcc/arm-none-eabi/7.3.1/../../../../arm-none-eabi/lib/thumb/v7e-m/fpv5/hard/libc_nano.a(lib_a-nano-vfprintf.o)
                0x0000000008002cf4                _vfiprintf_r
                0x0000000008002cf4                _vfprintf_r
 .text._printf_common
                0x0000000008002f20       0xea /home/alex/Ac6/SystemWorkbench/plugins/fr.ac6.mcu.externaltools.arm-none.linux64_1.17.0.201812190825/tools/compiler/bin/../lib/gcc/arm-none-eabi/7.3.1/../../../../arm-none-eabi/lib/thumb/v7e-m/fpv5/hard/libc_nano.a(lib_a-nano-vfprintf_i.o)
                0x0000000008002f20                _printf_common
 *fill*         0x000000000800300a        0x2 
 .text._printf_i
                0x000000000800300c      0x224 /home/alex/Ac6/SystemWorkbench/plugins/fr.ac6.mcu.externaltools.arm-none.linux64_1.17.0.201812190825/tools/compiler/bin/../lib/gcc/arm-none-eabi/7.3.1/../../../../arm-none-eabi/lib/thumb/v7e-m/fpv5/hard/libc_nano.a(lib_a-nano-vfprintf_i.o)
                0x000000000800300c                _printf_i
 .text.__sread  0x0000000008003230       0x22 /home/alex/Ac6/SystemWorkbench/plugins/fr.ac6.mcu.externaltools.arm-none.linux64_1.17.0.201812190825/tools/compiler/bin/../lib/gcc/arm-none-eabi/7.3.1/../../../../arm-none-eabi/lib/thumb/v7e-m/fpv5/hard/libc_nano.a(lib_a-stdio.o)
                0x0000000008003230                __sread
 .text.__swrite
                0x0000000008003252       0x38 /home/alex/Ac6/SystemWorkbench/plugins/fr.ac6.mcu.externaltools.arm-none.linux64_1.17.0.201812190825/tools/compiler/bin/../lib/gcc/arm-none-eabi/7.3.1/../../../../arm-none-eabi/lib/thumb/v7e-m/fpv5/hard/libc_nano.a(lib_a-stdio.o)
                0x0000000008003252                __swrite
 .text.__sseek  0x000000000800328a       0x24 /home/alex/Ac6/SystemWorkbench/plugins/fr.ac6.mcu.externaltools.arm-none.linux64_1.17.0.201812190825/tools/compiler/bin/../lib/gcc/arm-none-eabi/7.3.1/../../../../arm-none-eabi/lib/thumb/v7e-m/fpv5/hard/libc_nano.a(lib_a-stdio.o)
                0x000000000800328a                __sseek
 .text.__sclose
                0x00000000080032ae        0x8 /home/alex/Ac6/SystemWorkbench/plugins/fr.ac6.mcu.externaltools.arm-none.linux64_1.17.0.201812190825/tools/compiler/bin/../lib/gcc/arm-none-eabi/7.3.1/../../../../arm-none-eabi/lib/thumb/v7e-m/fpv5/hard/libc_nano.a(lib_a-stdio.o)
                0x00000000080032ae                __sclose
 *fill*         0x00000000080032b6        0x2 
 .text.__swbuf_r
                0x00000000080032b8       0xa4 /home/alex/Ac6/SystemWorkbench/plugins/fr.ac6.mcu.externaltools.arm-none.linux64_1.17.0.201812190825/tools/compiler/bin/../lib/gcc/arm-none-eabi/7.3.1/../../../../arm-none-eabi/lib/thumb/v7e-m/fpv5/hard/libc_nano.a(lib_a-wbuf.o)
                0x00000000080032b8                __swbuf_r
 .text._write_r
                0x000000000800335c       0x24 /home/alex/Ac6/SystemWorkbench/plugins/fr.ac6.mcu.externaltools.arm-none.linux64_1.17.0.201812190825/tools/compiler/bin/../lib/gcc/arm-none-eabi/7.3.1/../../../../arm-none-eabi/lib/thumb/v7e-m/fpv5/hard/libc_nano.a(lib_a-writer.o)
                0x000000000800335c                _write_r
 .text.__swsetup_r
                0x0000000008003380       0xdc /home/alex/Ac6/SystemWorkbench/plugins/fr.ac6.mcu.externaltools.arm-none.linux64_1.17.0.201812190825/tools/compiler/bin/../lib/gcc/arm-none-eabi/7.3.1/../../../../arm-none-eabi/lib/thumb/v7e-m/fpv5/hard/libc_nano.a(lib_a-wsetup.o)
                0x0000000008003380                __swsetup_r
 .text._close_r
                0x000000000800345c       0x20 /home/alex/Ac6/SystemWorkbench/plugins/fr.ac6.mcu.externaltools.arm-none.linux64_1.17.0.201812190825/tools/compiler/bin/../lib/gcc/arm-none-eabi/7.3.1/../../../../arm-none-eabi/lib/thumb/v7e-m/fpv5/hard/libc_nano.a(lib_a-closer.o)
                0x000000000800345c                _close_r
 .text.__sflush_r
                0x000000000800347c      0x10c /home/alex/Ac6/SystemWorkbench/plugins/fr.ac6.mcu.externaltools.arm-none.linux64_1.17.0.201812190825/tools/compiler/bin/../lib/gcc/arm-none-eabi/7.3.1/../../../../arm-none-eabi/lib/thumb/v7e-m/fpv5/hard/libc_nano.a(lib_a-fflush.o)
                0x000000000800347c                __sflush_r
 .text._fflush_r
                0x0000000008003588       0x54 /home/alex/Ac6/SystemWorkbench/plugins/fr.ac6.mcu.externaltools.arm-none.linux64_1.17.0.201812190825/tools/compiler/bin/../lib/gcc/arm-none-eabi/7.3.1/../../../../arm-none-eabi/lib/thumb/v7e-m/fpv5/hard/libc_nano.a(lib_a-fflush.o)
                0x0000000008003588                _fflush_r
 .text._lseek_r
                0x00000000080035dc       0x24 /home/alex/Ac6/SystemWorkbench/plugins/fr.ac6.mcu.externaltools.arm-none.linux64_1.17.0.201812190825/tools/compiler/bin/../lib/gcc/arm-none-eabi/7.3.1/../../../../arm-none-eabi/lib/thumb/v7e-m/fpv5/hard/libc_nano.a(lib_a-lseekr.o)
                0x00000000080035dc                _lseek_r
 .text.__swhatbuf_r
                0x0000000008003600       0x48 /home/alex/Ac6/SystemWorkbench/plugins/fr.ac6.mcu.externaltools.arm-none.linux64_1.17.0.201812190825/tools/compiler/bin/../lib/gcc/arm-none-eabi/7.3.1/../../../../arm-none-eabi/lib/thumb/v7e-m/fpv5/hard/libc_nano.a(lib_a-makebuf.o)
                0x0000000008003600                __swhatbuf_r
 .text.__smakebuf_r
                0x0000000008003648       0x80 /home/alex/Ac6/SystemWorkbench/plugins/fr.ac6.mcu.externaltools.arm-none.linux64_1.17.0.201812190825/tools/compiler/bin/../lib/gcc/arm-none-eabi/7.3.1/../../../../arm-none-eabi/lib/thumb/v7e-m/fpv5/hard/libc_nano.a(lib_a-makebuf.o)
                0x0000000008003648                __smakebuf_r
 .text._read_r  0x00000000080036c8       0x24 /home/alex/Ac6/SystemWorkbench/plugins/fr.ac6.mcu.externaltools.arm-none.linux64_1.17.0.201812190825/tools/compiler/bin/../lib/gcc/arm-none-eabi/7.3.1/../../../../arm-none-eabi/lib/thumb/v7e-m/fpv5/hard/libc_nano.a(lib_a-readr.o)
                0x00000000080036c8                _read_r
 .text._fstat_r
                0x00000000080036ec       0x24 /home/alex/Ac6/SystemWorkbench/plugins/fr.ac6.mcu.externaltools.arm-none.linux64_1.17.0.201812190825/tools/compiler/bin/../lib/gcc/arm-none-eabi/7.3.1/../../../../arm-none-eabi/lib/thumb/v7e-m/fpv5/hard/libc_nano.a(lib_a-fstatr.o)
                0x00000000080036ec                _fstat_r
 .text._isatty_r
                0x0000000008003710       0x20 /home/alex/Ac6/SystemWorkbench/plugins/fr.ac6.mcu.externaltools.arm-none.linux64_1.17.0.201812190825/tools/compiler/bin/../lib/gcc/arm-none-eabi/7.3.1/../../../../arm-none-eabi/lib/thumb/v7e-m/fpv5/hard/libc_nano.a(lib_a-isattyr.o)
                0x0000000008003710                _isatty_r
 *(.glue_7)
 .glue_7        0x0000000008003730        0x0 linker stubs
 *(.glue_7t)
 .glue_7t       0x0000000008003730        0x0 linker stubs
 *(.eh_frame)
 .eh_frame      0x0000000008003730        0x0 /home/alex/Ac6/SystemWorkbench/plugins/fr.ac6.mcu.externaltools.arm-none.linux64_1.17.0.201812190825/tools/compiler/bin/../lib/gcc/arm-none-eabi/7.3.1/thumb/v7e-m/fpv5/hard/crtbegin.o
 *(.init)
 .init          0x0000000008003730        0x4 /home/alex/Ac6/SystemWorkbench/plugins/fr.ac6.mcu.externaltools.arm-none.linux64_1.17.0.201812190825/tools/compiler/bin/../lib/gcc/arm-none-eabi/7.3.1/thumb/v7e-m/fpv5/hard/crti.o
                0x0000000008003730                _init
 .init          0x0000000008003734        0x8 /home/alex/Ac6/SystemWorkbench/plugins/fr.ac6.mcu.externaltools.arm-none.linux64_1.17.0.201812190825/tools/compiler/bin/../lib/gcc/arm-none-eabi/7.3.1/thumb/v7e-m/fpv5/hard/crtn.o
 *(.fini)
 .fini          0x000000000800373c        0x4 /home/alex/Ac6/SystemWorkbench/plugins/fr.ac6.mcu.externaltools.arm-none.linux64_1.17.0.201812190825/tools/compiler/bin/../lib/gcc/arm-none-eabi/7.3.1/thumb/v7e-m/fpv5/hard/crti.o
                0x000000000800373c                _fini
 .fini          0x0000000008003740        0x8 /home/alex/Ac6/SystemWorkbench/plugins/fr.ac6.mcu.externaltools.arm-none.linux64_1.17.0.201812190825/tools/compiler/bin/../lib/gcc/arm-none-eabi/7.3.1/thumb/v7e-m/fpv5/hard/crtn.o
                0x0000000008003748                . = ALIGN (0x4)
                0x0000000008003748                _etext = .

.vfp11_veneer   0x0000000008003748        0x0
 .vfp11_veneer  0x0000000008003748        0x0 linker stubs

.v4_bx          0x0000000008003748        0x0
 .v4_bx         0x0000000008003748        0x0 linker stubs

.iplt           0x0000000008003748        0x0
 .iplt          0x0000000008003748        0x0 /home/alex/Ac6/SystemWorkbench/plugins/fr.ac6.mcu.externaltools.arm-none.linux64_1.17.0.201812190825/tools/compiler/bin/../lib/gcc/arm-none-eabi/7.3.1/thumb/v7e-m/fpv5/hard/crtbegin.o

.rodata         0x0000000008003748       0xec
                0x0000000008003748                . = ALIGN (0x4)
 *(.rodata)
 .rodata        0x0000000008003748       0x18 Src/system_stm32f7xx.o
                0x0000000008003748                AHBPrescTable
                0x0000000008003758                APBPrescTable
 *(.rodata*)
 .rodata.str1.4
                0x0000000008003760       0x3c Src/main.o
                                         0x3a (size before relaxing)
 .rodata._global_impure_ptr
                0x000000000800379c        0x4 /home/alex/Ac6/SystemWorkbench/plugins/fr.ac6.mcu.externaltools.arm-none.linux64_1.17.0.201812190825/tools/compiler/bin/../lib/gcc/arm-none-eabi/7.3.1/../../../../arm-none-eabi/lib/thumb/v7e-m/fpv5/hard/libc_nano.a(lib_a-impure.o)
                0x000000000800379c                _global_impure_ptr
 .rodata.__sf_fake_stderr
                0x00000000080037a0       0x20 /home/alex/Ac6/SystemWorkbench/plugins/fr.ac6.mcu.externaltools.arm-none.linux64_1.17.0.201812190825/tools/compiler/bin/../lib/gcc/arm-none-eabi/7.3.1/../../../../arm-none-eabi/lib/thumb/v7e-m/fpv5/hard/libc_nano.a(lib_a-findfp.o)
                0x00000000080037a0                __sf_fake_stderr
 .rodata.__sf_fake_stdin
                0x00000000080037c0       0x20 /home/alex/Ac6/SystemWorkbench/plugins/fr.ac6.mcu.externaltools.arm-none.linux64_1.17.0.201812190825/tools/compiler/bin/../lib/gcc/arm-none-eabi/7.3.1/../../../../arm-none-eabi/lib/thumb/v7e-m/fpv5/hard/libc_nano.a(lib_a-findfp.o)
                0x00000000080037c0                __sf_fake_stdin
 .rodata.__sf_fake_stdout
                0x00000000080037e0       0x20 /home/alex/Ac6/SystemWorkbench/plugins/fr.ac6.mcu.externaltools.arm-none.linux64_1.17.0.201812190825/tools/compiler/bin/../lib/gcc/arm-none-eabi/7.3.1/../../../../arm-none-eabi/lib/thumb/v7e-m/fpv5/hard/libc_nano.a(lib_a-findfp.o)
                0x00000000080037e0                __sf_fake_stdout
 .rodata._vfprintf_r.str1.1
                0x0000000008003800       0x11 /home/alex/Ac6/SystemWorkbench/plugins/fr.ac6.mcu.externaltools.arm-none.linux64_1.17.0.201812190825/tools/compiler/bin/../lib/gcc/arm-none-eabi/7.3.1/../../../../arm-none-eabi/lib/thumb/v7e-m/fpv5/hard/libc_nano.a(lib_a-nano-vfprintf.o)
 .rodata._printf_i.str1.1
                0x0000000008003811       0x22 /home/alex/Ac6/SystemWorkbench/plugins/fr.ac6.mcu.externaltools.arm-none.linux64_1.17.0.201812190825/tools/compiler/bin/../lib/gcc/arm-none-eabi/7.3.1/../../../../arm-none-eabi/lib/thumb/v7e-m/fpv5/hard/libc_nano.a(lib_a-nano-vfprintf_i.o)
                0x0000000008003834                . = ALIGN (0x4)
 *fill*         0x0000000008003833        0x1 

.ARM.extab
 *(.ARM.extab* .gnu.linkonce.armextab.*)

.ARM            0x0000000008003834        0x8
                0x0000000008003834                __exidx_start = .
 *(.ARM.exidx*)
 .ARM.exidx     0x0000000008003834        0x8 /home/alex/Ac6/SystemWorkbench/plugins/fr.ac6.mcu.externaltools.arm-none.linux64_1.17.0.201812190825/tools/compiler/bin/../lib/gcc/arm-none-eabi/7.3.1/thumb/v7e-m/fpv5/hard/libgcc.a(_udivmoddi4.o)
                0x000000000800383c                __exidx_end = .

.rel.dyn        0x000000000800383c        0x0
 .rel.iplt      0x000000000800383c        0x0 /home/alex/Ac6/SystemWorkbench/plugins/fr.ac6.mcu.externaltools.arm-none.linux64_1.17.0.201812190825/tools/compiler/bin/../lib/gcc/arm-none-eabi/7.3.1/thumb/v7e-m/fpv5/hard/crtbegin.o

.preinit_array  0x000000000800383c        0x0
                0x000000000800383c                PROVIDE (__preinit_array_start = .)
 *(.preinit_array*)
                0x000000000800383c                PROVIDE (__preinit_array_end = .)

.init_array     0x000000000800383c        0x4
                0x000000000800383c                PROVIDE (__init_array_start = .)
 *(SORT_BY_NAME(.init_array.*))
 *(.init_array*)
 .init_array    0x000000000800383c        0x4 /home/alex/Ac6/SystemWorkbench/plugins/fr.ac6.mcu.externaltools.arm-none.linux64_1.17.0.201812190825/tools/compiler/bin/../lib/gcc/arm-none-eabi/7.3.1/thumb/v7e-m/fpv5/hard/crtbegin.o
                0x0000000008003840                PROVIDE (__init_array_end = .)

.fini_array     0x0000000008003840        0x4
                [!provide]                        PROVIDE (__fini_array_start = .)
 *(SORT_BY_NAME(.fini_array.*))
 *(.fini_array*)
 .fini_array    0x0000000008003840        0x4 /home/alex/Ac6/SystemWorkbench/plugins/fr.ac6.mcu.externaltools.arm-none.linux64_1.17.0.201812190825/tools/compiler/bin/../lib/gcc/arm-none-eabi/7.3.1/thumb/v7e-m/fpv5/hard/crtbegin.o
                [!provide]                        PROVIDE (__fini_array_end = .)
                0x0000000008003844                _sidata = LOADADDR (.data)

.data           0x0000000020000000       0x70 load address 0x0000000008003844
                0x0000000020000000                . = ALIGN (0x4)
                0x0000000020000000                _sdata = .
 *(.data)
 .data          0x0000000020000000        0x8 Drivers/STM32F7xx_HAL_Driver/Src/stm32f7xx_hal.o
                0x0000000020000000                uwTickFreq
                0x0000000020000004                uwTickPrio
 .data          0x0000000020000008        0x4 Src/system_stm32f7xx.o
                0x0000000020000008                SystemCoreClock
 *(.data*)
 .data._impure_ptr
                0x000000002000000c        0x4 /home/alex/Ac6/SystemWorkbench/plugins/fr.ac6.mcu.externaltools.arm-none.linux64_1.17.0.201812190825/tools/compiler/bin/../lib/gcc/arm-none-eabi/7.3.1/../../../../arm-none-eabi/lib/thumb/v7e-m/fpv5/hard/libc_nano.a(lib_a-impure.o)
                0x000000002000000c                _impure_ptr
 .data.impure_data
                0x0000000020000010       0x60 /home/alex/Ac6/SystemWorkbench/plugins/fr.ac6.mcu.externaltools.arm-none.linux64_1.17.0.201812190825/tools/compiler/bin/../lib/gcc/arm-none-eabi/7.3.1/../../../../arm-none-eabi/lib/thumb/v7e-m/fpv5/hard/libc_nano.a(lib_a-impure.o)
                0x0000000020000070                . = ALIGN (0x4)
                0x0000000020000070                _edata = .

.igot.plt       0x0000000020000070        0x0 load address 0x00000000080038b4
 .igot.plt      0x0000000020000070        0x0 /home/alex/Ac6/SystemWorkbench/plugins/fr.ac6.mcu.externaltools.arm-none.linux64_1.17.0.201812190825/tools/compiler/bin/../lib/gcc/arm-none-eabi/7.3.1/thumb/v7e-m/fpv5/hard/crtbegin.o
                0x0000000020000070                . = ALIGN (0x4)

.bss            0x0000000020000070      0x104 load address 0x00000000080038b4
                0x0000000020000070                _sbss = .
                0x0000000020000070                __bss_start__ = _sbss
 *(.bss)
 .bss           0x0000000020000070       0x1c /home/alex/Ac6/SystemWorkbench/plugins/fr.ac6.mcu.externaltools.arm-none.linux64_1.17.0.201812190825/tools/compiler/bin/../lib/gcc/arm-none-eabi/7.3.1/thumb/v7e-m/fpv5/hard/crtbegin.o
 .bss           0x000000002000008c        0xd Src/main.o
                0x000000002000008c                ready
                0x0000000020000090                running
                0x0000000020000094                blocked
                0x0000000020000098                TaskStop
 *fill*         0x0000000020000099        0x3 
 .bss           0x000000002000009c        0x8 Src/syscalls.o
                0x00000000200000a0                __env
 *(.bss*)
 .bss.__malloc_free_list
                0x00000000200000a4        0x4 /home/alex/Ac6/SystemWorkbench/plugins/fr.ac6.mcu.externaltools.arm-none.linux64_1.17.0.201812190825/tools/compiler/bin/../lib/gcc/arm-none-eabi/7.3.1/../../../../arm-none-eabi/lib/thumb/v7e-m/fpv5/hard/libc_nano.a(lib_a-nano-mallocr.o)
                0x00000000200000a4                __malloc_free_list
 .bss.__malloc_sbrk_start
                0x00000000200000a8        0x4 /home/alex/Ac6/SystemWorkbench/plugins/fr.ac6.mcu.externaltools.arm-none.linux64_1.17.0.201812190825/tools/compiler/bin/../lib/gcc/arm-none-eabi/7.3.1/../../../../arm-none-eabi/lib/thumb/v7e-m/fpv5/hard/libc_nano.a(lib_a-nano-mallocr.o)
                0x00000000200000a8                __malloc_sbrk_start
 *(COMMON)
 COMMON         0x00000000200000ac        0x4 Drivers/STM32F7xx_HAL_Driver/Src/stm32f7xx_hal.o
                0x00000000200000ac                uwTick
 COMMON         0x00000000200000b0       0xc0 Src/main.o
                0x00000000200000b0                htim4
                0x00000000200000f0                huart3
 COMMON         0x0000000020000170        0x4 /home/alex/Ac6/SystemWorkbench/plugins/fr.ac6.mcu.externaltools.arm-none.linux64_1.17.0.201812190825/tools/compiler/bin/../lib/gcc/arm-none-eabi/7.3.1/../../../../arm-none-eabi/lib/thumb/v7e-m/fpv5/hard/libc_nano.a(lib_a-reent.o)
                0x0000000020000170                errno
                0x0000000020000174                . = ALIGN (0x4)
                0x0000000020000174                _ebss = .
                0x0000000020000174                __bss_end__ = _ebss

._user_heap_stack
                0x0000000020000174      0x604 load address 0x00000000080038b4
                0x0000000020000178                . = ALIGN (0x8)
 *fill*         0x0000000020000174        0x4 
                0x0000000020000178                PROVIDE (end = .)
                [!provide]                        PROVIDE (_end = .)
                0x0000000020000378                . = (. + _Min_Heap_Size)
 *fill*         0x0000000020000178      0x200 
                0x0000000020000778                . = (. + _Min_Stack_Size)
 *fill*         0x0000000020000378      0x400 
                0x0000000020000778                . = ALIGN (0x8)

/DISCARD/
 libc.a(*)
 libm.a(*)
 libgcc.a(*)

.ARM.attributes
                0x0000000000000000       0x2e
 *(.ARM.attributes)
 .ARM.attributes
                0x0000000000000000       0x20 /home/alex/Ac6/SystemWorkbench/plugins/fr.ac6.mcu.externaltools.arm-none.linux64_1.17.0.201812190825/tools/compiler/bin/../lib/gcc/arm-none-eabi/7.3.1/thumb/v7e-m/fpv5/hard/crti.o
 .ARM.attributes
                0x0000000000000020       0x32 /home/alex/Ac6/SystemWorkbench/plugins/fr.ac6.mcu.externaltools.arm-none.linux64_1.17.0.201812190825/tools/compiler/bin/../lib/gcc/arm-none-eabi/7.3.1/thumb/v7e-m/fpv5/hard/crtbegin.o
 .ARM.attributes
                0x0000000000000052       0x37 Drivers/STM32F7xx_HAL_Driver/Src/stm32f7xx_hal.o
 .ARM.attributes
                0x0000000000000089       0x37 Drivers/STM32F7xx_HAL_Driver/Src/stm32f7xx_hal_cortex.o
 .ARM.attributes
                0x00000000000000c0       0x37 Drivers/STM32F7xx_HAL_Driver/Src/stm32f7xx_hal_gpio.o
 .ARM.attributes
                0x00000000000000f7       0x37 Drivers/STM32F7xx_HAL_Driver/Src/stm32f7xx_hal_pwr.o
 .ARM.attributes
                0x000000000000012e       0x37 Drivers/STM32F7xx_HAL_Driver/Src/stm32f7xx_hal_rcc.o
 .ARM.attributes
                0x0000000000000165       0x37 Drivers/STM32F7xx_HAL_Driver/Src/stm32f7xx_hal_rcc_ex.o
 .ARM.attributes
                0x000000000000019c       0x37 Drivers/STM32F7xx_HAL_Driver/Src/stm32f7xx_hal_tim.o
 .ARM.attributes
                0x00000000000001d3       0x37 Drivers/STM32F7xx_HAL_Driver/Src/stm32f7xx_hal_tim_ex.o
 .ARM.attributes
                0x000000000000020a       0x37 Drivers/STM32F7xx_HAL_Driver/Src/stm32f7xx_hal_uart.o
 .ARM.attributes
                0x0000000000000241       0x37 Src/main.o
 .ARM.attributes
                0x0000000000000278       0x37 Src/stm32f7xx_hal_msp.o
 .ARM.attributes
                0x00000000000002af       0x37 Src/stm32f7xx_it.o
 .ARM.attributes
                0x00000000000002e6       0x37 Src/syscalls.o
 .ARM.attributes
                0x000000000000031d       0x37 Src/system_stm32f7xx.o
 .ARM.attributes
                0x0000000000000354       0x21 startup/startup_stm32f767xx.o
 .ARM.attributes
                0x0000000000000375       0x20 /home/alex/Ac6/SystemWorkbench/plugins/fr.ac6.mcu.externaltools.arm-none.linux64_1.17.0.201812190825/tools/compiler/bin/../lib/gcc/arm-none-eabi/7.3.1/thumb/v7e-m/fpv5/hard/libgcc.a(_aeabi_uldivmod.o)
 .ARM.attributes
                0x0000000000000395       0x32 /home/alex/Ac6/SystemWorkbench/plugins/fr.ac6.mcu.externaltools.arm-none.linux64_1.17.0.201812190825/tools/compiler/bin/../lib/gcc/arm-none-eabi/7.3.1/thumb/v7e-m/fpv5/hard/libgcc.a(_udivmoddi4.o)
 .ARM.attributes
                0x00000000000003c7       0x20 /home/alex/Ac6/SystemWorkbench/plugins/fr.ac6.mcu.externaltools.arm-none.linux64_1.17.0.201812190825/tools/compiler/bin/../lib/gcc/arm-none-eabi/7.3.1/thumb/v7e-m/fpv5/hard/libgcc.a(_dvmd_tls.o)
 .ARM.attributes
                0x00000000000003e7       0x32 /home/alex/Ac6/SystemWorkbench/plugins/fr.ac6.mcu.externaltools.arm-none.linux64_1.17.0.201812190825/tools/compiler/bin/../lib/gcc/arm-none-eabi/7.3.1/../../../../arm-none-eabi/lib/thumb/v7e-m/fpv5/hard/libc_nano.a(lib_a-errno.o)
 .ARM.attributes
                0x0000000000000419       0x32 /home/alex/Ac6/SystemWorkbench/plugins/fr.ac6.mcu.externaltools.arm-none.linux64_1.17.0.201812190825/tools/compiler/bin/../lib/gcc/arm-none-eabi/7.3.1/../../../../arm-none-eabi/lib/thumb/v7e-m/fpv5/hard/libc_nano.a(lib_a-impure.o)
 .ARM.attributes
                0x000000000000044b       0x32 /home/alex/Ac6/SystemWorkbench/plugins/fr.ac6.mcu.externaltools.arm-none.linux64_1.17.0.201812190825/tools/compiler/bin/../lib/gcc/arm-none-eabi/7.3.1/../../../../arm-none-eabi/lib/thumb/v7e-m/fpv5/hard/libc_nano.a(lib_a-init.o)
 .ARM.attributes
                0x000000000000047d       0x32 /home/alex/Ac6/SystemWorkbench/plugins/fr.ac6.mcu.externaltools.arm-none.linux64_1.17.0.201812190825/tools/compiler/bin/../lib/gcc/arm-none-eabi/7.3.1/../../../../arm-none-eabi/lib/thumb/v7e-m/fpv5/hard/libc_nano.a(lib_a-malloc.o)
 .ARM.attributes
                0x00000000000004af       0x32 /home/alex/Ac6/SystemWorkbench/plugins/fr.ac6.mcu.externaltools.arm-none.linux64_1.17.0.201812190825/tools/compiler/bin/../lib/gcc/arm-none-eabi/7.3.1/../../../../arm-none-eabi/lib/thumb/v7e-m/fpv5/hard/libc_nano.a(lib_a-memset.o)
 .ARM.attributes
                0x00000000000004e1       0x32 /home/alex/Ac6/SystemWorkbench/plugins/fr.ac6.mcu.externaltools.arm-none.linux64_1.17.0.201812190825/tools/compiler/bin/../lib/gcc/arm-none-eabi/7.3.1/../../../../arm-none-eabi/lib/thumb/v7e-m/fpv5/hard/libc_nano.a(lib_a-nano-freer.o)
 .ARM.attributes
                0x0000000000000513       0x32 /home/alex/Ac6/SystemWorkbench/plugins/fr.ac6.mcu.externaltools.arm-none.linux64_1.17.0.201812190825/tools/compiler/bin/../lib/gcc/arm-none-eabi/7.3.1/../../../../arm-none-eabi/lib/thumb/v7e-m/fpv5/hard/libc_nano.a(lib_a-nano-mallocr.o)
 .ARM.attributes
                0x0000000000000545       0x32 /home/alex/Ac6/SystemWorkbench/plugins/fr.ac6.mcu.externaltools.arm-none.linux64_1.17.0.201812190825/tools/compiler/bin/../lib/gcc/arm-none-eabi/7.3.1/../../../../arm-none-eabi/lib/thumb/v7e-m/fpv5/hard/libc_nano.a(lib_a-printf.o)
 .ARM.attributes
                0x0000000000000577       0x32 /home/alex/Ac6/SystemWorkbench/plugins/fr.ac6.mcu.externaltools.arm-none.linux64_1.17.0.201812190825/tools/compiler/bin/../lib/gcc/arm-none-eabi/7.3.1/../../../../arm-none-eabi/lib/thumb/v7e-m/fpv5/hard/libc_nano.a(lib_a-sbrkr.o)
 .ARM.attributes
                0x00000000000005a9       0x32 /home/alex/Ac6/SystemWorkbench/plugins/fr.ac6.mcu.externaltools.arm-none.linux64_1.17.0.201812190825/tools/compiler/bin/../lib/gcc/arm-none-eabi/7.3.1/../../../../arm-none-eabi/lib/thumb/v7e-m/fpv5/hard/libc_nano.a(lib_a-findfp.o)
 .ARM.attributes
                0x00000000000005db       0x32 /home/alex/Ac6/SystemWorkbench/plugins/fr.ac6.mcu.externaltools.arm-none.linux64_1.17.0.201812190825/tools/compiler/bin/../lib/gcc/arm-none-eabi/7.3.1/../../../../arm-none-eabi/lib/thumb/v7e-m/fpv5/hard/libc_nano.a(lib_a-fwalk.o)
 .ARM.attributes
                0x000000000000060d       0x32 /home/alex/Ac6/SystemWorkbench/plugins/fr.ac6.mcu.externaltools.arm-none.linux64_1.17.0.201812190825/tools/compiler/bin/../lib/gcc/arm-none-eabi/7.3.1/../../../../arm-none-eabi/lib/thumb/v7e-m/fpv5/hard/libc_nano.a(lib_a-mlock.o)
 .ARM.attributes
                0x000000000000063f       0x32 /home/alex/Ac6/SystemWorkbench/plugins/fr.ac6.mcu.externaltools.arm-none.linux64_1.17.0.201812190825/tools/compiler/bin/../lib/gcc/arm-none-eabi/7.3.1/../../../../arm-none-eabi/lib/thumb/v7e-m/fpv5/hard/libc_nano.a(lib_a-nano-vfprintf.o)
 .ARM.attributes
                0x0000000000000671       0x32 /home/alex/Ac6/SystemWorkbench/plugins/fr.ac6.mcu.externaltools.arm-none.linux64_1.17.0.201812190825/tools/compiler/bin/../lib/gcc/arm-none-eabi/7.3.1/../../../../arm-none-eabi/lib/thumb/v7e-m/fpv5/hard/libc_nano.a(lib_a-nano-vfprintf_i.o)
 .ARM.attributes
                0x00000000000006a3       0x32 /home/alex/Ac6/SystemWorkbench/plugins/fr.ac6.mcu.externaltools.arm-none.linux64_1.17.0.201812190825/tools/compiler/bin/../lib/gcc/arm-none-eabi/7.3.1/../../../../arm-none-eabi/lib/thumb/v7e-m/fpv5/hard/libc_nano.a(lib_a-reent.o)
 .ARM.attributes
                0x00000000000006d5       0x32 /home/alex/Ac6/SystemWorkbench/plugins/fr.ac6.mcu.externaltools.arm-none.linux64_1.17.0.201812190825/tools/compiler/bin/../lib/gcc/arm-none-eabi/7.3.1/../../../../arm-none-eabi/lib/thumb/v7e-m/fpv5/hard/libc_nano.a(lib_a-stdio.o)
 .ARM.attributes
                0x0000000000000707       0x32 /home/alex/Ac6/SystemWorkbench/plugins/fr.ac6.mcu.externaltools.arm-none.linux64_1.17.0.201812190825/tools/compiler/bin/../lib/gcc/arm-none-eabi/7.3.1/../../../../arm-none-eabi/lib/thumb/v7e-m/fpv5/hard/libc_nano.a(lib_a-wbuf.o)
 .ARM.attributes
                0x0000000000000739       0x32 /home/alex/Ac6/SystemWorkbench/plugins/fr.ac6.mcu.externaltools.arm-none.linux64_1.17.0.201812190825/tools/compiler/bin/../lib/gcc/arm-none-eabi/7.3.1/../../../../arm-none-eabi/lib/thumb/v7e-m/fpv5/hard/libc_nano.a(lib_a-writer.o)
 .ARM.attributes
                0x000000000000076b       0x32 /home/alex/Ac6/SystemWorkbench/plugins/fr.ac6.mcu.externaltools.arm-none.linux64_1.17.0.201812190825/tools/compiler/bin/../lib/gcc/arm-none-eabi/7.3.1/../../../../arm-none-eabi/lib/thumb/v7e-m/fpv5/hard/libc_nano.a(lib_a-wsetup.o)
 .ARM.attributes
                0x000000000000079d       0x32 /home/alex/Ac6/SystemWorkbench/plugins/fr.ac6.mcu.externaltools.arm-none.linux64_1.17.0.201812190825/tools/compiler/bin/../lib/gcc/arm-none-eabi/7.3.1/../../../../arm-none-eabi/lib/thumb/v7e-m/fpv5/hard/libc_nano.a(lib_a-closer.o)
 .ARM.attributes
                0x00000000000007cf       0x32 /home/alex/Ac6/SystemWorkbench/plugins/fr.ac6.mcu.externaltools.arm-none.linux64_1.17.0.201812190825/tools/compiler/bin/../lib/gcc/arm-none-eabi/7.3.1/../../../../arm-none-eabi/lib/thumb/v7e-m/fpv5/hard/libc_nano.a(lib_a-fflush.o)
 .ARM.attributes
                0x0000000000000801       0x32 /home/alex/Ac6/SystemWorkbench/plugins/fr.ac6.mcu.externaltools.arm-none.linux64_1.17.0.201812190825/tools/compiler/bin/../lib/gcc/arm-none-eabi/7.3.1/../../../../arm-none-eabi/lib/thumb/v7e-m/fpv5/hard/libc_nano.a(lib_a-lseekr.o)
 .ARM.attributes
                0x0000000000000833       0x32 /home/alex/Ac6/SystemWorkbench/plugins/fr.ac6.mcu.externaltools.arm-none.linux64_1.17.0.201812190825/tools/compiler/bin/../lib/gcc/arm-none-eabi/7.3.1/../../../../arm-none-eabi/lib/thumb/v7e-m/fpv5/hard/libc_nano.a(lib_a-makebuf.o)
 .ARM.attributes
                0x0000000000000865       0x1e /home/alex/Ac6/SystemWorkbench/plugins/fr.ac6.mcu.externaltools.arm-none.linux64_1.17.0.201812190825/tools/compiler/bin/../lib/gcc/arm-none-eabi/7.3.1/../../../../arm-none-eabi/lib/thumb/v7e-m/fpv5/hard/libc_nano.a(lib_a-memchr.o)
 .ARM.attributes
                0x0000000000000883       0x32 /home/alex/Ac6/SystemWorkbench/plugins/fr.ac6.mcu.externaltools.arm-none.linux64_1.17.0.201812190825/tools/compiler/bin/../lib/gcc/arm-none-eabi/7.3.1/../../../../arm-none-eabi/lib/thumb/v7e-m/fpv5/hard/libc_nano.a(lib_a-readr.o)
 .ARM.attributes
                0x00000000000008b5       0x32 /home/alex/Ac6/SystemWorkbench/plugins/fr.ac6.mcu.externaltools.arm-none.linux64_1.17.0.201812190825/tools/compiler/bin/../lib/gcc/arm-none-eabi/7.3.1/../../../../arm-none-eabi/lib/thumb/v7e-m/fpv5/hard/libc_nano.a(lib_a-fstatr.o)
 .ARM.attributes
                0x00000000000008e7       0x32 /home/alex/Ac6/SystemWorkbench/plugins/fr.ac6.mcu.externaltools.arm-none.linux64_1.17.0.201812190825/tools/compiler/bin/../lib/gcc/arm-none-eabi/7.3.1/../../../../arm-none-eabi/lib/thumb/v7e-m/fpv5/hard/libc_nano.a(lib_a-isattyr.o)
 .ARM.attributes
                0x0000000000000919       0x20 /home/alex/Ac6/SystemWorkbench/plugins/fr.ac6.mcu.externaltools.arm-none.linux64_1.17.0.201812190825/tools/compiler/bin/../lib/gcc/arm-none-eabi/7.3.1/thumb/v7e-m/fpv5/hard/crtn.o
OUTPUT(scedueler.elf elf32-littlearm)

.debug_info     0x0000000000000000     0xfd81
 .debug_info    0x0000000000000000      0xae2 Drivers/STM32F7xx_HAL_Driver/Src/stm32f7xx_hal.o
 .debug_info    0x0000000000000ae2     0x11f0 Drivers/STM32F7xx_HAL_Driver/Src/stm32f7xx_hal_cortex.o
 .debug_info    0x0000000000001cd2      0x7f6 Drivers/STM32F7xx_HAL_Driver/Src/stm32f7xx_hal_gpio.o
 .debug_info    0x00000000000024c8      0x9c2 Drivers/STM32F7xx_HAL_Driver/Src/stm32f7xx_hal_pwr.o
 .debug_info    0x0000000000002e8a      0xb9a Drivers/STM32F7xx_HAL_Driver/Src/stm32f7xx_hal_rcc.o
 .debug_info    0x0000000000003a24      0x8c9 Drivers/STM32F7xx_HAL_Driver/Src/stm32f7xx_hal_rcc_ex.o
 .debug_info    0x00000000000042ed     0x332e Drivers/STM32F7xx_HAL_Driver/Src/stm32f7xx_hal_tim.o
 .debug_info    0x000000000000761b     0x16a6 Drivers/STM32F7xx_HAL_Driver/Src/stm32f7xx_hal_tim_ex.o
 .debug_info    0x0000000000008cc1     0x1bc0 Drivers/STM32F7xx_HAL_Driver/Src/stm32f7xx_hal_uart.o
 .debug_info    0x000000000000a881     0x257c Src/main.o
 .debug_info    0x000000000000cdfd     0x10e2 Src/stm32f7xx_hal_msp.o
 .debug_info    0x000000000000dedf      0x76b Src/stm32f7xx_it.o
 .debug_info    0x000000000000e64a      0xfd3 Src/syscalls.o
 .debug_info    0x000000000000f61d      0x742 Src/system_stm32f7xx.o
 .debug_info    0x000000000000fd5f       0x22 startup/startup_stm32f767xx.o

.debug_abbrev   0x0000000000000000     0x1f5a
 .debug_abbrev  0x0000000000000000      0x1ed Drivers/STM32F7xx_HAL_Driver/Src/stm32f7xx_hal.o
 .debug_abbrev  0x00000000000001ed      0x328 Drivers/STM32F7xx_HAL_Driver/Src/stm32f7xx_hal_cortex.o
 .debug_abbrev  0x0000000000000515      0x1e7 Drivers/STM32F7xx_HAL_Driver/Src/stm32f7xx_hal_gpio.o
 .debug_abbrev  0x00000000000006fc      0x1b8 Drivers/STM32F7xx_HAL_Driver/Src/stm32f7xx_hal_pwr.o
 .debug_abbrev  0x00000000000008b4      0x296 Drivers/STM32F7xx_HAL_Driver/Src/stm32f7xx_hal_rcc.o
 .debug_abbrev  0x0000000000000b4a      0x1de Drivers/STM32F7xx_HAL_Driver/Src/stm32f7xx_hal_rcc_ex.o
 .debug_abbrev  0x0000000000000d28      0x226 Drivers/STM32F7xx_HAL_Driver/Src/stm32f7xx_hal_tim.o
 .debug_abbrev  0x0000000000000f4e      0x237 Drivers/STM32F7xx_HAL_Driver/Src/stm32f7xx_hal_tim_ex.o
 .debug_abbrev  0x0000000000001185      0x24d Drivers/STM32F7xx_HAL_Driver/Src/stm32f7xx_hal_uart.o
 .debug_abbrev  0x00000000000013d2      0x3fe Src/main.o
 .debug_abbrev  0x00000000000017d0      0x1d4 Src/stm32f7xx_hal_msp.o
 .debug_abbrev  0x00000000000019a4      0x189 Src/stm32f7xx_it.o
 .debug_abbrev  0x0000000000001b2d      0x2d4 Src/syscalls.o
 .debug_abbrev  0x0000000000001e01      0x147 Src/system_stm32f7xx.o
 .debug_abbrev  0x0000000000001f48       0x12 startup/startup_stm32f767xx.o

.debug_loc      0x0000000000000000     0x8bf7
 .debug_loc     0x0000000000000000       0xfd Drivers/STM32F7xx_HAL_Driver/Src/stm32f7xx_hal.o
 .debug_loc     0x00000000000000fd      0x5c0 Drivers/STM32F7xx_HAL_Driver/Src/stm32f7xx_hal_cortex.o
 .debug_loc     0x00000000000006bd      0x497 Drivers/STM32F7xx_HAL_Driver/Src/stm32f7xx_hal_gpio.o
 .debug_loc     0x0000000000000b54       0x8d Drivers/STM32F7xx_HAL_Driver/Src/stm32f7xx_hal_pwr.o
 .debug_loc     0x0000000000000be1      0x4cf Drivers/STM32F7xx_HAL_Driver/Src/stm32f7xx_hal_rcc.o
 .debug_loc     0x00000000000010b0      0x5fc Drivers/STM32F7xx_HAL_Driver/Src/stm32f7xx_hal_rcc_ex.o
 .debug_loc     0x00000000000016ac     0x3b46 Drivers/STM32F7xx_HAL_Driver/Src/stm32f7xx_hal_tim.o
 .debug_loc     0x00000000000051f2     0x1860 Drivers/STM32F7xx_HAL_Driver/Src/stm32f7xx_hal_tim_ex.o
 .debug_loc     0x0000000000006a52     0x16e7 Drivers/STM32F7xx_HAL_Driver/Src/stm32f7xx_hal_uart.o
 .debug_loc     0x0000000000008139      0x502 Src/main.o
 .debug_loc     0x000000000000863b       0xcf Src/stm32f7xx_hal_msp.o
 .debug_loc     0x000000000000870a      0x3af Src/syscalls.o
 .debug_loc     0x0000000000008ab9      0x13e Src/system_stm32f7xx.o

.debug_aranges  0x0000000000000000      0xd10
 .debug_aranges
                0x0000000000000000      0x110 Drivers/STM32F7xx_HAL_Driver/Src/stm32f7xx_hal.o
 .debug_aranges
                0x0000000000000110       0xa8 Drivers/STM32F7xx_HAL_Driver/Src/stm32f7xx_hal_cortex.o
 .debug_aranges
                0x00000000000001b8       0x58 Drivers/STM32F7xx_HAL_Driver/Src/stm32f7xx_hal_gpio.o
 .debug_aranges
                0x0000000000000210       0xa0 Drivers/STM32F7xx_HAL_Driver/Src/stm32f7xx_hal_pwr.o
 .debug_aranges
                0x00000000000002b0       0x88 Drivers/STM32F7xx_HAL_Driver/Src/stm32f7xx_hal_rcc.o
 .debug_aranges
                0x0000000000000338       0x50 Drivers/STM32F7xx_HAL_Driver/Src/stm32f7xx_hal_rcc_ex.o
 .debug_aranges
                0x0000000000000388      0x3b8 Drivers/STM32F7xx_HAL_Driver/Src/stm32f7xx_hal_tim.o
 .debug_aranges
                0x0000000000000740      0x168 Drivers/STM32F7xx_HAL_Driver/Src/stm32f7xx_hal_tim_ex.o
 .debug_aranges
                0x00000000000008a8      0x1f8 Drivers/STM32F7xx_HAL_Driver/Src/stm32f7xx_hal_uart.o
 .debug_aranges
                0x0000000000000aa0       0xc8 Src/main.o
 .debug_aranges
                0x0000000000000b68       0x40 Src/stm32f7xx_hal_msp.o
 .debug_aranges
                0x0000000000000ba8       0x68 Src/stm32f7xx_it.o
 .debug_aranges
                0x0000000000000c10       0xb0 Src/syscalls.o
 .debug_aranges
                0x0000000000000cc0       0x28 Src/system_stm32f7xx.o
 .debug_aranges
                0x0000000000000ce8       0x28 startup/startup_stm32f767xx.o

.debug_ranges   0x0000000000000000      0xc88
 .debug_ranges  0x0000000000000000      0x100 Drivers/STM32F7xx_HAL_Driver/Src/stm32f7xx_hal.o
 .debug_ranges  0x0000000000000100       0xf8 Drivers/STM32F7xx_HAL_Driver/Src/stm32f7xx_hal_cortex.o
 .debug_ranges  0x00000000000001f8       0x48 Drivers/STM32F7xx_HAL_Driver/Src/stm32f7xx_hal_gpio.o
 .debug_ranges  0x0000000000000240       0x90 Drivers/STM32F7xx_HAL_Driver/Src/stm32f7xx_hal_pwr.o
 .debug_ranges  0x00000000000002d0       0x78 Drivers/STM32F7xx_HAL_Driver/Src/stm32f7xx_hal_rcc.o
 .debug_ranges  0x0000000000000348       0x40 Drivers/STM32F7xx_HAL_Driver/Src/stm32f7xx_hal_rcc_ex.o
 .debug_ranges  0x0000000000000388      0x3a8 Drivers/STM32F7xx_HAL_Driver/Src/stm32f7xx_hal_tim.o
 .debug_ranges  0x0000000000000730      0x158 Drivers/STM32F7xx_HAL_Driver/Src/stm32f7xx_hal_tim_ex.o
 .debug_ranges  0x0000000000000888      0x1e8 Drivers/STM32F7xx_HAL_Driver/Src/stm32f7xx_hal_uart.o
 .debug_ranges  0x0000000000000a70       0xb8 Src/main.o
 .debug_ranges  0x0000000000000b28       0x30 Src/stm32f7xx_hal_msp.o
 .debug_ranges  0x0000000000000b58       0x58 Src/stm32f7xx_it.o
 .debug_ranges  0x0000000000000bb0       0xa0 Src/syscalls.o
 .debug_ranges  0x0000000000000c50       0x18 Src/system_stm32f7xx.o
 .debug_ranges  0x0000000000000c68       0x20 startup/startup_stm32f767xx.o

.debug_macro    0x0000000000000000    0x279a9
 .debug_macro   0x0000000000000000      0x207 Drivers/STM32F7xx_HAL_Driver/Src/stm32f7xx_hal.o
 .debug_macro   0x0000000000000207      0xa6c Drivers/STM32F7xx_HAL_Driver/Src/stm32f7xx_hal.o
 .debug_macro   0x0000000000000c73      0x189 Drivers/STM32F7xx_HAL_Driver/Src/stm32f7xx_hal.o
 .debug_macro   0x0000000000000dfc       0x2e Drivers/STM32F7xx_HAL_Driver/Src/stm32f7xx_hal.o
 .debug_macro   0x0000000000000e2a       0x3b Drivers/STM32F7xx_HAL_Driver/Src/stm32f7xx_hal.o
 .debug_macro   0x0000000000000e65       0x22 Drivers/STM32F7xx_HAL_Driver/Src/stm32f7xx_hal.o
 .debug_macro   0x0000000000000e87       0x8e Drivers/STM32F7xx_HAL_Driver/Src/stm32f7xx_hal.o
 .debug_macro   0x0000000000000f15       0x51 Drivers/STM32F7xx_HAL_Driver/Src/stm32f7xx_hal.o
 .debug_macro   0x0000000000000f66       0xef Drivers/STM32F7xx_HAL_Driver/Src/stm32f7xx_hal.o
 .debug_macro   0x0000000000001055       0x6a Drivers/STM32F7xx_HAL_Driver/Src/stm32f7xx_hal.o
 .debug_macro   0x00000000000010bf      0x1df Drivers/STM32F7xx_HAL_Driver/Src/stm32f7xx_hal.o
 .debug_macro   0x000000000000129e       0x1c Drivers/STM32F7xx_HAL_Driver/Src/stm32f7xx_hal.o
 .debug_macro   0x00000000000012ba       0x22 Drivers/STM32F7xx_HAL_Driver/Src/stm32f7xx_hal.o
 .debug_macro   0x00000000000012dc       0xdf Drivers/STM32F7xx_HAL_Driver/Src/stm32f7xx_hal.o
 .debug_macro   0x00000000000013bb     0x12cd Drivers/STM32F7xx_HAL_Driver/Src/stm32f7xx_hal.o
 .debug_macro   0x0000000000002688      0x11f Drivers/STM32F7xx_HAL_Driver/Src/stm32f7xx_hal.o
 .debug_macro   0x00000000000027a7       0x19 Drivers/STM32F7xx_HAL_Driver/Src/stm32f7xx_hal.o
 .debug_macro   0x00000000000027c0    0x1a029 Drivers/STM32F7xx_HAL_Driver/Src/stm32f7xx_hal.o
 .debug_macro   0x000000000001c7e9       0x43 Drivers/STM32F7xx_HAL_Driver/Src/stm32f7xx_hal.o
 .debug_macro   0x000000000001c82c     0x363d Drivers/STM32F7xx_HAL_Driver/Src/stm32f7xx_hal.o
 .debug_macro   0x000000000001fe69      0x174 Drivers/STM32F7xx_HAL_Driver/Src/stm32f7xx_hal.o
 .debug_macro   0x000000000001ffdd       0x55 Drivers/STM32F7xx_HAL_Driver/Src/stm32f7xx_hal.o
 .debug_macro   0x0000000000020032     0x1add Drivers/STM32F7xx_HAL_Driver/Src/stm32f7xx_hal.o
 .debug_macro   0x0000000000021b0f      0x6c4 Drivers/STM32F7xx_HAL_Driver/Src/stm32f7xx_hal.o
 .debug_macro   0x00000000000221d3      0x109 Drivers/STM32F7xx_HAL_Driver/Src/stm32f7xx_hal.o
 .debug_macro   0x00000000000222dc      0x117 Drivers/STM32F7xx_HAL_Driver/Src/stm32f7xx_hal.o
 .debug_macro   0x00000000000223f3      0x26f Drivers/STM32F7xx_HAL_Driver/Src/stm32f7xx_hal.o
 .debug_macro   0x0000000000022662       0x27 Drivers/STM32F7xx_HAL_Driver/Src/stm32f7xx_hal.o
 .debug_macro   0x0000000000022689      0x24f Drivers/STM32F7xx_HAL_Driver/Src/stm32f7xx_hal.o
 .debug_macro   0x00000000000228d8       0x71 Drivers/STM32F7xx_HAL_Driver/Src/stm32f7xx_hal.o
 .debug_macro   0x0000000000022949       0x58 Drivers/STM32F7xx_HAL_Driver/Src/stm32f7xx_hal.o
 .debug_macro   0x00000000000229a1      0x236 Drivers/STM32F7xx_HAL_Driver/Src/stm32f7xx_hal.o
 .debug_macro   0x0000000000022bd7      0x14f Drivers/STM32F7xx_HAL_Driver/Src/stm32f7xx_hal.o
 .debug_macro   0x0000000000022d26      0x3dc Drivers/STM32F7xx_HAL_Driver/Src/stm32f7xx_hal.o
 .debug_macro   0x0000000000023102       0x12 Drivers/STM32F7xx_HAL_Driver/Src/stm32f7xx_hal.o
 .debug_macro   0x0000000000023114      0x22c Drivers/STM32F7xx_HAL_Driver/Src/stm32f7xx_hal.o
 .debug_macro   0x0000000000023340       0x61 Drivers/STM32F7xx_HAL_Driver/Src/stm32f7xx_hal.o
 .debug_macro   0x00000000000233a1       0xa5 Drivers/STM32F7xx_HAL_Driver/Src/stm32f7xx_hal.o
 .debug_macro   0x0000000000023446      0x12f Drivers/STM32F7xx_HAL_Driver/Src/stm32f7xx_hal.o
 .debug_macro   0x0000000000023575      0x108 Drivers/STM32F7xx_HAL_Driver/Src/stm32f7xx_hal.o
 .debug_macro   0x000000000002367d       0x35 Drivers/STM32F7xx_HAL_Driver/Src/stm32f7xx_hal.o
 .debug_macro   0x00000000000236b2      0x9f0 Drivers/STM32F7xx_HAL_Driver/Src/stm32f7xx_hal.o
 .debug_macro   0x00000000000240a2       0xa9 Drivers/STM32F7xx_HAL_Driver/Src/stm32f7xx_hal.o
 .debug_macro   0x000000000002414b      0x519 Drivers/STM32F7xx_HAL_Driver/Src/stm32f7xx_hal.o
 .debug_macro   0x0000000000024664       0x44 Drivers/STM32F7xx_HAL_Driver/Src/stm32f7xx_hal.o
 .debug_macro   0x00000000000246a8      0x15c Drivers/STM32F7xx_HAL_Driver/Src/stm32f7xx_hal.o
 .debug_macro   0x0000000000024804      0x1e3 Drivers/STM32F7xx_HAL_Driver/Src/stm32f7xx_hal_cortex.o
 .debug_macro   0x00000000000249e7      0x219 Drivers/STM32F7xx_HAL_Driver/Src/stm32f7xx_hal_gpio.o
 .debug_macro   0x0000000000024c00      0x201 Drivers/STM32F7xx_HAL_Driver/Src/stm32f7xx_hal_pwr.o
 .debug_macro   0x0000000000024e01      0x207 Drivers/STM32F7xx_HAL_Driver/Src/stm32f7xx_hal_rcc.o
 .debug_macro   0x0000000000025008      0x1e3 Drivers/STM32F7xx_HAL_Driver/Src/stm32f7xx_hal_rcc_ex.o
 .debug_macro   0x00000000000251eb      0x1e4 Drivers/STM32F7xx_HAL_Driver/Src/stm32f7xx_hal_tim.o
 .debug_macro   0x00000000000253cf      0x1e3 Drivers/STM32F7xx_HAL_Driver/Src/stm32f7xx_hal_tim_ex.o
 .debug_macro   0x00000000000255b2      0x200 Drivers/STM32F7xx_HAL_Driver/Src/stm32f7xx_hal_uart.o
 .debug_macro   0x00000000000257b2      0x2f4 Src/main.o
 .debug_macro   0x0000000000025aa6      0x130 Src/main.o
 .debug_macro   0x0000000000025bd6       0x5e Src/main.o
 .debug_macro   0x0000000000025c34       0x17 Src/main.o
 .debug_macro   0x0000000000025c4b       0x35 Src/main.o
 .debug_macro   0x0000000000025c80       0x34 Src/main.o
 .debug_macro   0x0000000000025cb4       0x58 Src/main.o
 .debug_macro   0x0000000000025d0c       0x1f Src/main.o
 .debug_macro   0x0000000000025d2b       0x43 Src/main.o
 .debug_macro   0x0000000000025d6e       0x20 Src/main.o
 .debug_macro   0x0000000000025d8e      0x18e Src/main.o
 .debug_macro   0x0000000000025f1c      0x32a Src/main.o
 .debug_macro   0x0000000000026246       0x10 Src/main.o
 .debug_macro   0x0000000000026256       0x35 Src/main.o
 .debug_macro   0x000000000002628b       0x16 Src/main.o
 .debug_macro   0x00000000000262a1       0x16 Src/main.o
 .debug_macro   0x00000000000262b7       0x29 Src/main.o
 .debug_macro   0x00000000000262e0       0x22 Src/main.o
 .debug_macro   0x0000000000026302       0x1c Src/main.o
 .debug_macro   0x000000000002631e      0x1f2 Src/stm32f7xx_hal_msp.o
 .debug_macro   0x0000000000026510      0x1fc Src/stm32f7xx_it.o
 .debug_macro   0x000000000002670c      0x243 Src/syscalls.o
 .debug_macro   0x000000000002694f       0x58 Src/syscalls.o
 .debug_macro   0x00000000000269a7       0x94 Src/syscalls.o
 .debug_macro   0x0000000000026a3b       0x57 Src/syscalls.o
 .debug_macro   0x0000000000026a92      0x330 Src/syscalls.o
 .debug_macro   0x0000000000026dc2       0x10 Src/syscalls.o
 .debug_macro   0x0000000000026dd2       0x10 Src/syscalls.o
 .debug_macro   0x0000000000026de2       0x10 Src/syscalls.o
 .debug_macro   0x0000000000026df2       0x10 Src/syscalls.o
 .debug_macro   0x0000000000026e02       0x1c Src/syscalls.o
 .debug_macro   0x0000000000026e1e       0x52 Src/syscalls.o
 .debug_macro   0x0000000000026e70       0x40 Src/syscalls.o
 .debug_macro   0x0000000000026eb0       0x10 Src/syscalls.o
 .debug_macro   0x0000000000026ec0       0x40 Src/syscalls.o
 .debug_macro   0x0000000000026f00       0xd7 Src/syscalls.o
 .debug_macro   0x0000000000026fd7       0x1c Src/syscalls.o
 .debug_macro   0x0000000000026ff3       0x3d Src/syscalls.o
 .debug_macro   0x0000000000027030       0x35 Src/syscalls.o
 .debug_macro   0x0000000000027065      0x122 Src/syscalls.o
 .debug_macro   0x0000000000027187       0x10 Src/syscalls.o
 .debug_macro   0x0000000000027197      0x241 Src/syscalls.o
 .debug_macro   0x00000000000273d8       0x1c Src/syscalls.o
 .debug_macro   0x00000000000273f4       0x10 Src/syscalls.o
 .debug_macro   0x0000000000027404       0x10 Src/syscalls.o
 .debug_macro   0x0000000000027414       0x16 Src/syscalls.o
 .debug_macro   0x000000000002742a      0x16f Src/syscalls.o
 .debug_macro   0x0000000000027599      0x189 Src/syscalls.o
 .debug_macro   0x0000000000027722       0x16 Src/syscalls.o
 .debug_macro   0x0000000000027738       0x88 Src/syscalls.o
 .debug_macro   0x00000000000277c0      0x1e9 Src/system_stm32f7xx.o

.debug_line     0x0000000000000000     0x9904
 .debug_line    0x0000000000000000      0x989 Drivers/STM32F7xx_HAL_Driver/Src/stm32f7xx_hal.o
 .debug_line    0x0000000000000989      0x998 Drivers/STM32F7xx_HAL_Driver/Src/stm32f7xx_hal_cortex.o
 .debug_line    0x0000000000001321      0x8d6 Drivers/STM32F7xx_HAL_Driver/Src/stm32f7xx_hal_gpio.o
 .debug_line    0x0000000000001bf7      0x8b6 Drivers/STM32F7xx_HAL_Driver/Src/stm32f7xx_hal_pwr.o
 .debug_line    0x00000000000024ad      0xa07 Drivers/STM32F7xx_HAL_Driver/Src/stm32f7xx_hal_rcc.o
 .debug_line    0x0000000000002eb4      0x987 Drivers/STM32F7xx_HAL_Driver/Src/stm32f7xx_hal_rcc_ex.o
 .debug_line    0x000000000000383b     0x1871 Drivers/STM32F7xx_HAL_Driver/Src/stm32f7xx_hal_tim.o
 .debug_line    0x00000000000050ac      0xdea Drivers/STM32F7xx_HAL_Driver/Src/stm32f7xx_hal_tim_ex.o
 .debug_line    0x0000000000005e96     0x1277 Drivers/STM32F7xx_HAL_Driver/Src/stm32f7xx_hal_uart.o
 .debug_line    0x000000000000710d      0xa88 Src/main.o
 .debug_line    0x0000000000007b95      0x7aa Src/stm32f7xx_hal_msp.o
 .debug_line    0x000000000000833f      0x7e5 Src/stm32f7xx_it.o
 .debug_line    0x0000000000008b24      0x5f9 Src/syscalls.o
 .debug_line    0x000000000000911d      0x768 Src/system_stm32f7xx.o
 .debug_line    0x0000000000009885       0x7f startup/startup_stm32f767xx.o

.debug_str      0x0000000000000000    0xf6210
 .debug_str     0x0000000000000000    0xed6d0 Drivers/STM32F7xx_HAL_Driver/Src/stm32f7xx_hal.o
                                      0xede99 (size before relaxing)
 .debug_str     0x00000000000ed6d0      0x467 Drivers/STM32F7xx_HAL_Driver/Src/stm32f7xx_hal_cortex.o
                                      0xedecd (size before relaxing)
 .debug_str     0x00000000000edb37      0x2ca Drivers/STM32F7xx_HAL_Driver/Src/stm32f7xx_hal_gpio.o
                                      0xed6ae (size before relaxing)
 .debug_str     0x00000000000ede01      0x2db Drivers/STM32F7xx_HAL_Driver/Src/stm32f7xx_hal_pwr.o
                                      0xed790 (size before relaxing)
 .debug_str     0x00000000000ee0dc      0x3a3 Drivers/STM32F7xx_HAL_Driver/Src/stm32f7xx_hal_rcc.o
                                      0xed828 (size before relaxing)
 .debug_str     0x00000000000ee47f      0x3c9 Drivers/STM32F7xx_HAL_Driver/Src/stm32f7xx_hal_rcc_ex.o
                                      0xed7cd (size before relaxing)
 .debug_str     0x00000000000ee848     0x11d9 Drivers/STM32F7xx_HAL_Driver/Src/stm32f7xx_hal_tim.o
                                      0xee5d0 (size before relaxing)
 .debug_str     0x00000000000efa21      0x5d0 Drivers/STM32F7xx_HAL_Driver/Src/stm32f7xx_hal_tim_ex.o
                                      0xedee2 (size before relaxing)
 .debug_str     0x00000000000efff1      0x98f Drivers/STM32F7xx_HAL_Driver/Src/stm32f7xx_hal_uart.o
                                      0xee055 (size before relaxing)
 .debug_str     0x00000000000f0980     0x3373 Src/main.o
                                      0xf1456 (size before relaxing)
 .debug_str     0x00000000000f3cf3       0x25 Src/stm32f7xx_hal_msp.o
                                      0xee5f6 (size before relaxing)
 .debug_str     0x00000000000f3d18       0xc8 Src/stm32f7xx_it.o
                                      0xedc4b (size before relaxing)
 .debug_str     0x00000000000f3de0     0x23a7 Src/syscalls.o
                                       0x85e0 (size before relaxing)
 .debug_str     0x00000000000f6187       0x5a Src/system_stm32f7xx.o
                                      0xed4d3 (size before relaxing)
 .debug_str     0x00000000000f61e1       0x2f startup/startup_stm32f767xx.o
                                         0x69 (size before relaxing)

.comment        0x0000000000000000       0x7f
 .comment       0x0000000000000000       0x7f Drivers/STM32F7xx_HAL_Driver/Src/stm32f7xx_hal.o
                                         0x80 (size before relaxing)
 .comment       0x000000000000007f       0x80 Drivers/STM32F7xx_HAL_Driver/Src/stm32f7xx_hal_cortex.o
 .comment       0x000000000000007f       0x80 Drivers/STM32F7xx_HAL_Driver/Src/stm32f7xx_hal_gpio.o
 .comment       0x000000000000007f       0x80 Drivers/STM32F7xx_HAL_Driver/Src/stm32f7xx_hal_pwr.o
 .comment       0x000000000000007f       0x80 Drivers/STM32F7xx_HAL_Driver/Src/stm32f7xx_hal_rcc.o
 .comment       0x000000000000007f       0x80 Drivers/STM32F7xx_HAL_Driver/Src/stm32f7xx_hal_rcc_ex.o
 .comment       0x000000000000007f       0x80 Drivers/STM32F7xx_HAL_Driver/Src/stm32f7xx_hal_tim.o
 .comment       0x000000000000007f       0x80 Drivers/STM32F7xx_HAL_Driver/Src/stm32f7xx_hal_tim_ex.o
 .comment       0x000000000000007f       0x80 Drivers/STM32F7xx_HAL_Driver/Src/stm32f7xx_hal_uart.o
 .comment       0x000000000000007f       0x80 Src/main.o
 .comment       0x000000000000007f       0x80 Src/stm32f7xx_hal_msp.o
 .comment       0x000000000000007f       0x80 Src/stm32f7xx_it.o
 .comment       0x000000000000007f       0x80 Src/syscalls.o
 .comment       0x000000000000007f       0x80 Src/system_stm32f7xx.o

.debug_frame    0x0000000000000000     0x297c
 .debug_frame   0x0000000000000000      0x22c Drivers/STM32F7xx_HAL_Driver/Src/stm32f7xx_hal.o
 .debug_frame   0x000000000000022c      0x15c Drivers/STM32F7xx_HAL_Driver/Src/stm32f7xx_hal_cortex.o
 .debug_frame   0x0000000000000388       0xd8 Drivers/STM32F7xx_HAL_Driver/Src/stm32f7xx_hal_gpio.o
 .debug_frame   0x0000000000000460      0x134 Drivers/STM32F7xx_HAL_Driver/Src/stm32f7xx_hal_pwr.o
 .debug_frame   0x0000000000000594      0x190 Drivers/STM32F7xx_HAL_Driver/Src/stm32f7xx_hal_rcc.o
 .debug_frame   0x0000000000000724       0xcc Drivers/STM32F7xx_HAL_Driver/Src/stm32f7xx_hal_rcc_ex.o
 .debug_frame   0x00000000000007f0      0xae0 Drivers/STM32F7xx_HAL_Driver/Src/stm32f7xx_hal_tim.o
 .debug_frame   0x00000000000012d0      0x418 Drivers/STM32F7xx_HAL_Driver/Src/stm32f7xx_hal_tim_ex.o
 .debug_frame   0x00000000000016e8      0x578 Drivers/STM32F7xx_HAL_Driver/Src/stm32f7xx_hal_uart.o
 .debug_frame   0x0000000000001c60      0x220 Src/main.o
 .debug_frame   0x0000000000001e80       0x94 Src/stm32f7xx_hal_msp.o
 .debug_frame   0x0000000000001f14       0xc0 Src/stm32f7xx_it.o
 .debug_frame   0x0000000000001fd4      0x1a8 Src/syscalls.o
 .debug_frame   0x000000000000217c       0x3c Src/system_stm32f7xx.o
 .debug_frame   0x00000000000021b8       0x2c /home/alex/Ac6/SystemWorkbench/plugins/fr.ac6.mcu.externaltools.arm-none.linux64_1.17.0.201812190825/tools/compiler/bin/../lib/gcc/arm-none-eabi/7.3.1/thumb/v7e-m/fpv5/hard/libgcc.a(_aeabi_uldivmod.o)
 .debug_frame   0x00000000000021e4       0x34 /home/alex/Ac6/SystemWorkbench/plugins/fr.ac6.mcu.externaltools.arm-none.linux64_1.17.0.201812190825/tools/compiler/bin/../lib/gcc/arm-none-eabi/7.3.1/thumb/v7e-m/fpv5/hard/libgcc.a(_udivmoddi4.o)
 .debug_frame   0x0000000000002218       0x20 /home/alex/Ac6/SystemWorkbench/plugins/fr.ac6.mcu.externaltools.arm-none.linux64_1.17.0.201812190825/tools/compiler/bin/../lib/gcc/arm-none-eabi/7.3.1/../../../../arm-none-eabi/lib/thumb/v7e-m/fpv5/hard/libc_nano.a(lib_a-errno.o)
 .debug_frame   0x0000000000002238       0x2c /home/alex/Ac6/SystemWorkbench/plugins/fr.ac6.mcu.externaltools.arm-none.linux64_1.17.0.201812190825/tools/compiler/bin/../lib/gcc/arm-none-eabi/7.3.1/../../../../arm-none-eabi/lib/thumb/v7e-m/fpv5/hard/libc_nano.a(lib_a-init.o)
 .debug_frame   0x0000000000002264       0x30 /home/alex/Ac6/SystemWorkbench/plugins/fr.ac6.mcu.externaltools.arm-none.linux64_1.17.0.201812190825/tools/compiler/bin/../lib/gcc/arm-none-eabi/7.3.1/../../../../arm-none-eabi/lib/thumb/v7e-m/fpv5/hard/libc_nano.a(lib_a-malloc.o)
 .debug_frame   0x0000000000002294       0x20 /home/alex/Ac6/SystemWorkbench/plugins/fr.ac6.mcu.externaltools.arm-none.linux64_1.17.0.201812190825/tools/compiler/bin/../lib/gcc/arm-none-eabi/7.3.1/../../../../arm-none-eabi/lib/thumb/v7e-m/fpv5/hard/libc_nano.a(lib_a-memset.o)
 .debug_frame   0x00000000000022b4       0x38 /home/alex/Ac6/SystemWorkbench/plugins/fr.ac6.mcu.externaltools.arm-none.linux64_1.17.0.201812190825/tools/compiler/bin/../lib/gcc/arm-none-eabi/7.3.1/../../../../arm-none-eabi/lib/thumb/v7e-m/fpv5/hard/libc_nano.a(lib_a-nano-freer.o)
 .debug_frame   0x00000000000022ec       0x2c /home/alex/Ac6/SystemWorkbench/plugins/fr.ac6.mcu.externaltools.arm-none.linux64_1.17.0.201812190825/tools/compiler/bin/../lib/gcc/arm-none-eabi/7.3.1/../../../../arm-none-eabi/lib/thumb/v7e-m/fpv5/hard/libc_nano.a(lib_a-nano-mallocr.o)
 .debug_frame   0x0000000000002318       0x74 /home/alex/Ac6/SystemWorkbench/plugins/fr.ac6.mcu.externaltools.arm-none.linux64_1.17.0.201812190825/tools/compiler/bin/../lib/gcc/arm-none-eabi/7.3.1/../../../../arm-none-eabi/lib/thumb/v7e-m/fpv5/hard/libc_nano.a(lib_a-printf.o)
 .debug_frame   0x000000000000238c       0x2c /home/alex/Ac6/SystemWorkbench/plugins/fr.ac6.mcu.externaltools.arm-none.linux64_1.17.0.201812190825/tools/compiler/bin/../lib/gcc/arm-none-eabi/7.3.1/../../../../arm-none-eabi/lib/thumb/v7e-m/fpv5/hard/libc_nano.a(lib_a-sbrkr.o)
 .debug_frame   0x00000000000023b8      0x11c /home/alex/Ac6/SystemWorkbench/plugins/fr.ac6.mcu.externaltools.arm-none.linux64_1.17.0.201812190825/tools/compiler/bin/../lib/gcc/arm-none-eabi/7.3.1/../../../../arm-none-eabi/lib/thumb/v7e-m/fpv5/hard/libc_nano.a(lib_a-findfp.o)
 .debug_frame   0x00000000000024d4       0x54 /home/alex/Ac6/SystemWorkbench/plugins/fr.ac6.mcu.externaltools.arm-none.linux64_1.17.0.201812190825/tools/compiler/bin/../lib/gcc/arm-none-eabi/7.3.1/../../../../arm-none-eabi/lib/thumb/v7e-m/fpv5/hard/libc_nano.a(lib_a-fwalk.o)
 .debug_frame   0x0000000000002528       0x30 /home/alex/Ac6/SystemWorkbench/plugins/fr.ac6.mcu.externaltools.arm-none.linux64_1.17.0.201812190825/tools/compiler/bin/../lib/gcc/arm-none-eabi/7.3.1/../../../../arm-none-eabi/lib/thumb/v7e-m/fpv5/hard/libc_nano.a(lib_a-mlock.o)
 .debug_frame   0x0000000000002558       0xac /home/alex/Ac6/SystemWorkbench/plugins/fr.ac6.mcu.externaltools.arm-none.linux64_1.17.0.201812190825/tools/compiler/bin/../lib/gcc/arm-none-eabi/7.3.1/../../../../arm-none-eabi/lib/thumb/v7e-m/fpv5/hard/libc_nano.a(lib_a-nano-vfprintf.o)
 .debug_frame   0x0000000000002604       0x60 /home/alex/Ac6/SystemWorkbench/plugins/fr.ac6.mcu.externaltools.arm-none.linux64_1.17.0.201812190825/tools/compiler/bin/../lib/gcc/arm-none-eabi/7.3.1/../../../../arm-none-eabi/lib/thumb/v7e-m/fpv5/hard/libc_nano.a(lib_a-nano-vfprintf_i.o)
 .debug_frame   0x0000000000002664       0x5c /home/alex/Ac6/SystemWorkbench/plugins/fr.ac6.mcu.externaltools.arm-none.linux64_1.17.0.201812190825/tools/compiler/bin/../lib/gcc/arm-none-eabi/7.3.1/../../../../arm-none-eabi/lib/thumb/v7e-m/fpv5/hard/libc_nano.a(lib_a-reent.o)
 .debug_frame   0x00000000000026c0       0x88 /home/alex/Ac6/SystemWorkbench/plugins/fr.ac6.mcu.externaltools.arm-none.linux64_1.17.0.201812190825/tools/compiler/bin/../lib/gcc/arm-none-eabi/7.3.1/../../../../arm-none-eabi/lib/thumb/v7e-m/fpv5/hard/libc_nano.a(lib_a-stdio.o)
 .debug_frame   0x0000000000002748       0x40 /home/alex/Ac6/SystemWorkbench/plugins/fr.ac6.mcu.externaltools.arm-none.linux64_1.17.0.201812190825/tools/compiler/bin/../lib/gcc/arm-none-eabi/7.3.1/../../../../arm-none-eabi/lib/thumb/v7e-m/fpv5/hard/libc_nano.a(lib_a-wbuf.o)
 .debug_frame   0x0000000000002788       0x2c /home/alex/Ac6/SystemWorkbench/plugins/fr.ac6.mcu.externaltools.arm-none.linux64_1.17.0.201812190825/tools/compiler/bin/../lib/gcc/arm-none-eabi/7.3.1/../../../../arm-none-eabi/lib/thumb/v7e-m/fpv5/hard/libc_nano.a(lib_a-writer.o)
 .debug_frame   0x00000000000027b4       0x2c /home/alex/Ac6/SystemWorkbench/plugins/fr.ac6.mcu.externaltools.arm-none.linux64_1.17.0.201812190825/tools/compiler/bin/../lib/gcc/arm-none-eabi/7.3.1/../../../../arm-none-eabi/lib/thumb/v7e-m/fpv5/hard/libc_nano.a(lib_a-wsetup.o)
 .debug_frame   0x00000000000027e0       0x2c /home/alex/Ac6/SystemWorkbench/plugins/fr.ac6.mcu.externaltools.arm-none.linux64_1.17.0.201812190825/tools/compiler/bin/../lib/gcc/arm-none-eabi/7.3.1/../../../../arm-none-eabi/lib/thumb/v7e-m/fpv5/hard/libc_nano.a(lib_a-closer.o)
 .debug_frame   0x000000000000280c       0x68 /home/alex/Ac6/SystemWorkbench/plugins/fr.ac6.mcu.externaltools.arm-none.linux64_1.17.0.201812190825/tools/compiler/bin/../lib/gcc/arm-none-eabi/7.3.1/../../../../arm-none-eabi/lib/thumb/v7e-m/fpv5/hard/libc_nano.a(lib_a-fflush.o)
 .debug_frame   0x0000000000002874       0x2c /home/alex/Ac6/SystemWorkbench/plugins/fr.ac6.mcu.externaltools.arm-none.linux64_1.17.0.201812190825/tools/compiler/bin/../lib/gcc/arm-none-eabi/7.3.1/../../../../arm-none-eabi/lib/thumb/v7e-m/fpv5/hard/libc_nano.a(lib_a-lseekr.o)
 .debug_frame   0x00000000000028a0       0x58 /home/alex/Ac6/SystemWorkbench/plugins/fr.ac6.mcu.externaltools.arm-none.linux64_1.17.0.201812190825/tools/compiler/bin/../lib/gcc/arm-none-eabi/7.3.1/../../../../arm-none-eabi/lib/thumb/v7e-m/fpv5/hard/libc_nano.a(lib_a-makebuf.o)
 .debug_frame   0x00000000000028f8       0x2c /home/alex/Ac6/SystemWorkbench/plugins/fr.ac6.mcu.externaltools.arm-none.linux64_1.17.0.201812190825/tools/compiler/bin/../lib/gcc/arm-none-eabi/7.3.1/../../../../arm-none-eabi/lib/thumb/v7e-m/fpv5/hard/libc_nano.a(lib_a-readr.o)
 .debug_frame   0x0000000000002924       0x2c /home/alex/Ac6/SystemWorkbench/plugins/fr.ac6.mcu.externaltools.arm-none.linux64_1.17.0.201812190825/tools/compiler/bin/../lib/gcc/arm-none-eabi/7.3.1/../../../../arm-none-eabi/lib/thumb/v7e-m/fpv5/hard/libc_nano.a(lib_a-fstatr.o)
 .debug_frame   0x0000000000002950       0x2c /home/alex/Ac6/SystemWorkbench/plugins/fr.ac6.mcu.externaltools.arm-none.linux64_1.17.0.201812190825/tools/compiler/bin/../lib/gcc/arm-none-eabi/7.3.1/../../../../arm-none-eabi/lib/thumb/v7e-m/fpv5/hard/libc_nano.a(lib_a-isattyr.o)